[    0.000000] Initializing cgroup subsys cpuset
[    0.000000] Initializing cgroup subsys cpu
[    0.000000] Initializing cgroup subsys cpuacct
[    0.000000] Linux version 4.4.0-203-generic (buildd@lcy01-amd64-027) (gcc version 5.4.0 20160609 (Ubuntu 5.4.0-6ubuntu1~16.04.12) ) #235-Ubuntu SMP Tue Feb 2 02:49:08 UTC 2021 (Ubuntu 4.4.0-203.235-generic 4.4.249)
[    0.000000] Command line: BOOT_IMAGE=/boot/vmlinuz-4.4.0-203-generic root=UUID=f2f23586-2622-43ee-8d74-a9a6f5f6f861 ro console=tty1 console=ttyS0
[    0.000000] KERNEL supported cpus:
[    0.000000]   Intel GenuineIntel
[    0.000000]   AMD AuthenticAMD
[    0.000000]   Centaur CentaurHauls
[    0.000000] [Firmware Bug]: TSC doesn't count with P0 frequency!
[    0.000000] x86/fpu: xstate_offset[2]:  576, xstate_sizes[2]:  256
[    0.000000] x86/fpu: Supporting XSAVE feature 0x01: 'x87 floating point registers'
[    0.000000] x86/fpu: Supporting XSAVE feature 0x02: 'SSE registers'
[    0.000000] x86/fpu: Supporting XSAVE feature 0x04: 'AVX registers'
[    0.000000] x86/fpu: Enabled xstate features 0x7, context size is 832 bytes, using 'standard' format.
[    0.000000] e820: BIOS-provided physical RAM map:
[    0.000000] BIOS-e820: [mem 0x0000000000000000-0x000000000009fbff] usable
[    0.000000] BIOS-e820: [mem 0x000000000009fc00-0x000000000009ffff] reserved
[    0.000000] BIOS-e820: [mem 0x00000000000f0000-0x00000000000fffff] reserved
[    0.000000] BIOS-e820: [mem 0x0000000000100000-0x000000003ffeffff] usable
[    0.000000] BIOS-e820: [mem 0x000000003fff0000-0x000000003fffffff] ACPI data
[    0.000000] BIOS-e820: [mem 0x00000000fec00000-0x00000000fec00fff] reserved
[    0.000000] BIOS-e820: [mem 0x00000000fee00000-0x00000000fee00fff] reserved
[    0.000000] BIOS-e820: [mem 0x00000000fffc0000-0x00000000ffffffff] reserved
[    0.000000] NX (Execute Disable) protection: active
[    0.000000] SMBIOS 2.5 present.
[    0.000000] Hypervisor detected: KVM
[    0.000000] Kernel/User page tables isolation: disabled
[    0.000000] e820: last_pfn = 0x3fff0 max_arch_pfn = 0x400000000
[    0.000000] MTRR: Disabled
[    0.000000] x86/PAT: MTRRs disabled, skipping PAT initialization too.
[    0.000000] CPU MTRRs all blank - virtualized system.
[    0.000000] x86/PAT: Configuration [0-7]: WB  WT  UC- UC  WB  WT  UC- UC  
[    0.000000] found SMP MP-table at [mem 0x0009fff0-0x0009ffff] mapped at [ffff88000009fff0]
[    0.000000] Scanning 1 areas for low memory corruption
[    0.000000] RAMDISK: [mem 0x361ca000-0x370dcfff]
[    0.000000] ACPI: Early table checksum verification disabled
[    0.000000] ACPI: RSDP 0x00000000000E0000 000024 (v02 VBOX  )
[    0.000000] ACPI: XSDT 0x000000003FFF0030 00003C (v01 VBOX   VBOXXSDT 00000001 ASL  00000061)
[    0.000000] ACPI: FACP 0x000000003FFF00F0 0000F4 (v04 VBOX   VBOXFACP 00000001 ASL  00000061)
[    0.000000] ACPI: DSDT 0x000000003FFF0470 002325 (v02 VBOX   VBOXBIOS 00000002 INTL 20100528)
[    0.000000] ACPI: FACS 0x000000003FFF0200 000040
[    0.000000] ACPI: FACS 0x000000003FFF0200 000040
[    0.000000] ACPI: APIC 0x000000003FFF0240 00005C (v02 VBOX   VBOXAPIC 00000001 ASL  00000061)
[    0.000000] ACPI: SSDT 0x000000003FFF02A0 0001CC (v01 VBOX   VBOXCPUT 00000002 INTL 20100528)
[    0.000000] No NUMA configuration found
[    0.000000] Faking a node at [mem 0x0000000000000000-0x000000003ffeffff]
[    0.000000] NODE_DATA(0) allocated [mem 0x3ffeb000-0x3ffeffff]
[    0.000000] kvm-clock: Using msrs 4b564d01 and 4b564d00
[    0.000000] kvm-clock: cpu 0, msr 0:3ffe3001, primary cpu clock
[    0.000000] kvm-clock: using sched offset of 4390727763 cycles
[    0.000000] clocksource: kvm-clock: mask: 0xffffffffffffffff max_cycles: 0x1cd42e4dffb, max_idle_ns: 881590591483 ns
[    0.000000] Zone ranges:
[    0.000000]   DMA      [mem 0x0000000000001000-0x0000000000ffffff]
[    0.000000]   DMA32    [mem 0x0000000001000000-0x000000003ffeffff]
[    0.000000]   Normal   empty
[    0.000000]   Device   empty
[    0.000000] Movable zone start for each node
[    0.000000] Early memory node ranges
[    0.000000]   node   0: [mem 0x0000000000001000-0x000000000009efff]
[    0.000000]   node   0: [mem 0x0000000000100000-0x000000003ffeffff]
[    0.000000] Initmem setup node 0 [mem 0x0000000000001000-0x000000003ffeffff]
[    0.000000] ACPI: PM-Timer IO Port: 0x4008
[    0.000000] IOAPIC[0]: apic_id 2, version 32, address 0xfec00000, GSI 0-23
[    0.000000] ACPI: INT_SRC_OVR (bus 0 bus_irq 0 global_irq 2 dfl dfl)
[    0.000000] ACPI: INT_SRC_OVR (bus 0 bus_irq 9 global_irq 9 low level)
[    0.000000] Using ACPI (MADT) for SMP configuration information
[    0.000000] smpboot: Allowing 2 CPUs, 0 hotplug CPUs
[    0.000000] PM: Registered nosave memory: [mem 0x00000000-0x00000fff]
[    0.000000] PM: Registered nosave memory: [mem 0x0009f000-0x0009ffff]
[    0.000000] PM: Registered nosave memory: [mem 0x000a0000-0x000effff]
[    0.000000] PM: Registered nosave memory: [mem 0x000f0000-0x000fffff]
[    0.000000] e820: [mem 0x40000000-0xfebfffff] available for PCI devices
[    0.000000] Booting paravirtualized kernel on KVM
[    0.000000] clocksource: refined-jiffies: mask: 0xffffffff max_cycles: 0xffffffff, max_idle_ns: 7645519600211568 ns
[    0.000000] setup_percpu: NR_CPUS:512 nr_cpumask_bits:512 nr_cpu_ids:2 nr_node_ids:1
[    0.000000] PERCPU: Embedded 33 pages/cpu @ffff88003fc00000 s95640 r8192 d31336 u1048576
[    0.000000] Built 1 zonelists in Node order, mobility grouping on.  Total pages: 257912
[    0.000000] Policy zone: DMA32
[    0.000000] Kernel command line: BOOT_IMAGE=/boot/vmlinuz-4.4.0-203-generic root=UUID=f2f23586-2622-43ee-8d74-a9a6f5f6f861 ro console=tty1 console=ttyS0
[    0.000000] PID hash table entries: 4096 (order: 3, 32768 bytes)
[    0.000000] Memory: 997104K/1048120K available (8641K kernel code, 1337K rwdata, 4044K rodata, 1496K init, 1296K bss, 51016K reserved, 0K cma-reserved)
[    0.000000] SLUB: HWalign=64, Order=0-3, MinObjects=0, CPUs=2, Nodes=1
[    0.000000] Hierarchical RCU implementation.
[    0.000000] 	Build-time adjustment of leaf fanout to 64.
[    0.000000] 	RCU restricting CPUs from NR_CPUS=512 to nr_cpu_ids=2.
[    0.000000] RCU: Adjusting geometry for rcu_fanout_leaf=64, nr_cpu_ids=2
[    0.000000] NR_IRQS:33024 nr_irqs:440 16
[    0.000000] Console: colour VGA+ 80x25
[    0.000000] console [tty1] enabled
[    0.000000] console [ttyS0] enabled
[    0.000000] tsc: Detected 3593.230 MHz processor
[    0.146052] Calibrating delay loop (skipped) preset value.. 7186.46 BogoMIPS (lpj=14372920)
[    0.147377] pid_max: default: 32768 minimum: 301
[    0.148102] ACPI: Core revision 20150930
[    0.149568] ACPI: 2 ACPI AML tables successfully acquired and loaded
[    0.150715] Security Framework initialized
[    0.151399] Yama: becoming mindful.
[    0.152083] AppArmor: AppArmor initialized
[    0.152826] Dentry cache hash table entries: 131072 (order: 8, 1048576 bytes)
[    0.153984] Inode-cache hash table entries: 65536 (order: 7, 524288 bytes)
[    0.170331] Mount-cache hash table entries: 2048 (order: 2, 16384 bytes)
[    0.171366] Mountpoint-cache hash table entries: 2048 (order: 2, 16384 bytes)
[    0.172537] Initializing cgroup subsys io
[    0.173221] Initializing cgroup subsys memory
[    0.174089] Initializing cgroup subsys devices
[    0.174827] Initializing cgroup subsys freezer
[    0.175531] Initializing cgroup subsys net_cls
[    0.176271] Initializing cgroup subsys perf_event
[    0.177006] Initializing cgroup subsys net_prio
[    0.177722] Initializing cgroup subsys hugetlb
[    0.178492] Initializing cgroup subsys pids
[    0.298529] mce: CPU supports 0 MCE banks
[    0.299262] Last level iTLB entries: 4KB 1024, 2MB 1024, 4MB 512
[    0.300099] Last level dTLB entries: 4KB 1536, 2MB 1536, 4MB 768, 1GB 0
[    0.301011] Spectre V1 : Mitigation: usercopy/swapgs barriers and __user pointer sanitization
[    0.302296] Spectre V2 : Spectre mitigation: LFENCE not serializing, switching to generic retpoline
[    0.303676] Spectre V2 : Mitigation: Full generic retpoline
[    0.304492] Spectre V2 : Spectre v2 / SpectreRSB mitigation: Filling RSB on context switch
[    0.305775] Speculative Store Bypass: Mitigation: Speculative Store Bypass disabled via prctl and seccomp
[    0.309293] Freeing SMP alternatives memory: 36K
[    0.315205] ftrace: allocating 32366 entries in 127 pages
[    0.370331] smpboot: APIC(0) Converting physical 0 to logical package 0
[    0.371351] smpboot: Max logical packages: 1
[    0.372241] x2apic enabled
[    0.372945] Switched APIC routing to physical x2apic.
[    0.374700] ..TIMER: vector=0x30 apic1=0 pin1=2 apic2=-1 pin2=-1
[    0.483687] smpboot: CPU0: AMD Ryzen 5 2400G with Radeon Vega Graphics (family: 0x17, model: 0x11, stepping: 0x0)
[    0.485670] Performance Events: Broken PMU hardware detected, using software events only.
[    0.487006] Failed to access perfctr msr (MSR c0010007 is 0)
[    0.493779] KVM setup paravirtual spinlock
[    0.496875] x86: Booting SMP configuration:
[    0.497571] .... node  #0, CPUs:      #1
[    0.498353] kvm-clock: cpu 1, msr 0:3ffe3041, secondary cpu clock
[    0.608105] mce: CPU supports 0 MCE banks
[    0.610647] x86: Booted up 1 node, 2 CPUs
[    0.611691] smpboot: Total of 2 processors activated (14372.92 BogoMIPS)
[    0.613421] devtmpfs: initialized
[    0.615945] evm: security.selinux
[    0.616553] evm: security.SMACK64
[    0.617155] evm: security.SMACK64EXEC
[    0.617776] evm: security.SMACK64TRANSMUTE
[    0.618434] evm: security.SMACK64MMAP
[    0.619066] evm: security.ima
[    0.619616] evm: security.capability
[    0.621560] clocksource: jiffies: mask: 0xffffffff max_cycles: 0xffffffff, max_idle_ns: 7645041785100000 ns
[    0.623070] futex hash table entries: 512 (order: 3, 32768 bytes)
[    0.624128] pinctrl core: initialized pinctrl subsystem
[    0.625041] RTC time:  7:37:41, date: 03/04/21
[    0.627192] NET: Registered protocol family 16
[    0.635374] cpuidle: using governor ladder
[    0.643065] cpuidle: using governor menu
[    0.643953] PCCT header not found.
[    0.645532] ACPI: bus type PCI registered
[    0.646366] acpiphp: ACPI Hot Plug PCI Controller Driver version: 0.5
[    0.647566] PCI: Using configuration type 1 for base access
[    0.648387] PCI: Using configuration type 1 for extended access
[    0.655221] ACPI: Added _OSI(Module Device)
[    0.655914] ACPI: Added _OSI(Processor Device)
[    0.656623] ACPI: Added _OSI(3.0 _SCP Extensions)
[    0.657332] ACPI: Added _OSI(Processor Aggregator Device)
[    0.658587] ACPI: Executed 1 blocks of module-level executable AML code
[    0.661088] ACPI: Interpreter enabled
[    0.661714] ACPI: (supports S0 S5)
[    0.662308] ACPI: Using IOAPIC for interrupt routing
[    0.663197] PCI: Using host bridge windows from ACPI; if necessary, use "pci=nocrs" and report a bug
[    0.667283] ACPI: PCI Root Bridge [PCI0] (domain 0000 [bus 00-ff])
[    0.668162] acpi PNP0A03:00: _OSC: OS supports [ExtendedConfig ASPM ClockPM Segments MSI]
[    0.669939] acpi PNP0A03:00: _OSC: platform does not support [PCIeCapability]
[    0.671200] acpi PNP0A03:00: _OSC: not requesting control; platform does not support [PCIeCapability]
[    0.672568] acpi PNP0A03:00: _OSC: OS requested [PCIeHotplug PME AER PCIeCapability]
[    0.673804] acpi PNP0A03:00: _OSC: platform willing to grant [PCIeHotplug PME AER]
[    0.675025] acpi PNP0A03:00: _OSC failed (AE_SUPPORT); disabling ASPM
[    0.676256] PCI host bridge to bus 0000:00
[    0.676956] pci_bus 0000:00: root bus resource [io  0x0000-0x0cf7 window]
[    0.685760] pci_bus 0000:00: root bus resource [io  0x0d00-0xffff window]
[    0.686742] pci_bus 0000:00: root bus resource [mem 0x000a0000-0x000bffff window]
[    0.687918] pci_bus 0000:00: root bus resource [mem 0x40000000-0xfdffffff window]
[    0.689132] pci_bus 0000:00: root bus resource [bus 00-ff]
[    0.691544] pci 0000:00:01.1: legacy IDE quirk: reg 0x10: [io  0x01f0-0x01f7]
[    0.692547] pci 0000:00:01.1: legacy IDE quirk: reg 0x14: [io  0x03f6]
[    0.693483] pci 0000:00:01.1: legacy IDE quirk: reg 0x18: [io  0x0170-0x0177]
[    0.694505] pci 0000:00:01.1: legacy IDE quirk: reg 0x1c: [io  0x0376]
[    0.710473] pci 0000:00:07.0: quirk: [io  0x4000-0x403f] claimed by PIIX4 ACPI
[    0.711741] pci 0000:00:07.0: quirk: [io  0x4100-0x410f] claimed by PIIX4 SMB
[    0.717682] ACPI: PCI Interrupt Link [LNKA] (IRQs 5 9 10 *11)
[    0.719229] ACPI: PCI Interrupt Link [LNKB] (IRQs 5 9 *10 11)
[    0.720553] ACPI: PCI Interrupt Link [LNKC] (IRQs 5 *9 10 11)
[    0.721859] ACPI: PCI Interrupt Link [LNKD] (IRQs 5 9 10 *11)
[    0.723232] ACPI: Enabled 2 GPEs in block 00 to 07
[    0.724413] vgaarb: setting as boot device: PCI:0000:00:02.0
[    0.725244] vgaarb: device added: PCI:0000:00:02.0,decodes=io+mem,owns=io+mem,locks=none
[    0.726532] vgaarb: loaded
[    0.727039] vgaarb: bridge control possible 0000:00:02.0
[    0.727999] SCSI subsystem initialized
[    0.728743] ACPI: bus type USB registered
[    0.729427] usbcore: registered new interface driver usbfs
[    0.730228] usbcore: registered new interface driver hub
[    0.731048] usbcore: registered new device driver usb
[    0.732000] PCI: Using ACPI for IRQ routing
[    0.732922] NetLabel: Initializing
[    0.733521] NetLabel:  domain hash size = 128
[    0.734230] NetLabel:  protocols = UNLABELED CIPSOv4
[    0.735014] NetLabel:  unlabeled traffic allowed by default
[    0.735951] amd_nb: Cannot enumerate AMD northbridges
[    0.736767] clocksource: Switched to clocksource kvm-clock
[    0.744320] AppArmor: AppArmor Filesystem Enabled
[    0.745180] pnp: PnP ACPI init
[    0.746384] pnp: PnP ACPI: found 3 devices
[    0.756109] clocksource: acpi_pm: mask: 0xffffff max_cycles: 0xffffff, max_idle_ns: 2085701024 ns
[    0.757564] NET: Registered protocol family 2
[    0.758564] TCP established hash table entries: 8192 (order: 4, 65536 bytes)
[    0.759558] TCP bind hash table entries: 8192 (order: 5, 131072 bytes)
[    0.760493] TCP: Hash tables configured (established 8192 bind 8192)
[    0.762386] UDP hash table entries: 512 (order: 2, 16384 bytes)
[    0.763262] UDP-Lite hash table entries: 512 (order: 2, 16384 bytes)
[    0.764248] NET: Registered protocol family 1
[    0.764960] pci 0000:00:00.0: Limiting direct PCI/PCI transfers
[    0.765842] pci 0000:00:01.0: Activating ISA DMA hang workarounds
[    0.766843] Unpacking initramfs...
[    0.998039] Freeing initrd memory: 15436K
[    0.998902] clocksource: tsc: mask: 0xffffffffffffffff max_cycles: 0x33cb5887408, max_idle_ns: 440795389429 ns
[    1.000527] platform rtc_cmos: registered platform RTC device (no PNP device found)
[    1.002082] Scanning for low memory corruption every 60 seconds
[    1.003688] audit: initializing netlink subsys (disabled)
[    1.005744] audit: type=2000 audit(1614843467.252:1): initialized
[    1.008379] Initialise system trusted keyring
[    1.010592] HugeTLB registered 2 MB page size, pre-allocated 0 pages
[    1.014861] zbud: loaded
[    1.017064] VFS: Disk quotas dquot_6.6.0
[    1.018951] VFS: Dquot-cache hash table entries: 512 (order 0, 4096 bytes)
[    1.022183] squashfs: version 4.0 (2009/01/31) Phillip Lougher
[    1.025178] fuse init (API version 7.23)
[    1.027270] Key type big_key registered
[    1.029147] Allocating IMA MOK and blacklist keyrings.
[    1.034104] Key type asymmetric registered
[    1.035983] Asymmetric key parser 'x509' registered
[    1.038137] Block layer SCSI generic (bsg) driver version 0.4 loaded (major 249)
[    1.041417] io scheduler noop registered
[    1.042535] io scheduler deadline registered (default)
[    1.043898] io scheduler cfq registered
[    1.045118] pci_hotplug: PCI Hot Plug PCI Core version: 0.5
[    1.046579] pciehp: PCI Express Hot Plug Controller Driver version: 0.4
[    1.057993] ACPI: AC Adapter [AC] (on-line)
[    1.058851] input: Power Button as /devices/LNXSYSTM:00/LNXPWRBN:00/input/input0
[    1.060206] ACPI: Power Button [PWRF]
[    1.060911] input: Sleep Button as /devices/LNXSYSTM:00/LNXSLPBN:00/input/input1
[    1.062080] ACPI: Sleep Button [SLPF]
[    1.062942] GHES: HEST is not enabled!
[    1.063647] Serial: 8250/16550 driver, 32 ports, IRQ sharing enabled
[    1.085131] 00:02: ttyS0 at I/O 0x3f8 (irq = 4, base_baud = 115200) is a 16550A
[    1.088530] Linux agpgart interface v0.103
[    1.090923] loop: module loaded
[    1.092534] scsi host0: ata_piix
[    1.093265] scsi host1: ata_piix
[    1.094138] ata1: PATA max UDMA/33 cmd 0x1f0 ctl 0x3f6 bmdma 0xd000 irq 14
[    1.099363] ata2: PATA max UDMA/33 cmd 0x170 ctl 0x376 bmdma 0xd008 irq 15
[    1.107837] libphy: Fixed MDIO Bus: probed
[    1.110668] tun: Universal TUN/TAP device driver, 1.6
[    1.111512] tun: (C) 1999-2004 Max Krasnyansky <maxk@qualcomm.com>
[    1.112572] PPP generic driver version 2.4.2
[    1.113366] ehci_hcd: USB 2.0 'Enhanced' Host Controller (EHCI) Driver
[    1.114305] ehci-pci: EHCI PCI platform driver
[    1.114996] ehci-platform: EHCI generic platform driver
[    1.115775] ohci_hcd: USB 1.1 'Open' Host Controller (OHCI) Driver
[    1.116656] ohci-pci: OHCI PCI platform driver
[    1.117375] ohci-platform: OHCI generic platform driver
[    1.118170] uhci_hcd: USB Universal Host Controller Interface driver
[    1.119104] i8042: PNP: PS/2 Controller [PNP0303:PS2K,PNP0f03:PS2M] at 0x60,0x64 irq 1,12
[    1.120836] serio: i8042 KBD port at 0x60,0x64 irq 1
[    1.121566] serio: i8042 AUX port at 0x60,0x64 irq 12
[    1.122508] mousedev: PS/2 mouse device common for all mice
[    1.123827] input: AT Translated Set 2 keyboard as /devices/platform/i8042/serio0/input/input2
[    1.125164] rtc_cmos rtc_cmos: rtc core: registered rtc_cmos as rtc0
[    1.126125] rtc_cmos rtc_cmos: alarms up to one day, 114 bytes nvram
[    1.127079] i2c /dev entries driver
[    1.127715] device-mapper: uevent: version 1.0.3
[    1.128512] device-mapper: ioctl: 4.34.0-ioctl (2015-10-28) initialised: dm-devel@redhat.com
[    1.129860] ledtrig-cpu: registered to indicate activity on CPUs
[    1.131172] NET: Registered protocol family 10
[    1.139489] NET: Registered protocol family 17
[    1.140285] Key type dns_resolver registered
[    1.141554] registered taskstats version 1
[    1.142237] Loading compiled-in X.509 certificates
[    1.143470] Loaded X.509 cert 'Build time autogenerated kernel key: c0f1dd89d7e09a1955be4fde7c6f946674683c10'
[    1.144919] zswap: loaded using pool lzo/zbud
[    1.147692] Key type trusted registered
[    1.154626] Key type encrypted registered
[    1.155467] AppArmor: AppArmor sha1 policy hashing enabled
[    1.156471] ima: No TPM chip found, activating TPM-bypass!
[    1.157534] ima: Allocated hash algorithm: sha1
[    1.158417] evm: HMAC attrs: 0x1
[    1.159509]   Magic number: 13:601:621
[    1.161268] rtc_cmos rtc_cmos: setting system clock to 2021-03-04 07:37:41 UTC (1614843461)
[    1.164823] BIOS EDD facility v0.16 2004-Jun-25, 0 devices found
[    1.167058] EDD information not available.
[    1.335076] Freeing unused kernel memory: 1496K
[    1.336044] Write protecting the kernel read-only data: 14336k
[    1.337686] Freeing unused kernel memory: 1588K
[    1.338871] Freeing unused kernel memory: 52K
Loading, please wait...
starting version 229
[    1.353910] random: systemd-udevd: uninitialized urandom read (16 bytes read, 3 bits of entropy available)
[    1.354640] random: udevadm: uninitialized urandom read (16 bytes read, 3 bits of entropy available)
[    1.354736] random: udevadm: uninitialized urandom read (16 bytes read, 3 bits of entropy available)
[    1.358636] random: systemd-udevd: uninitialized urandom read (16 bytes read, 3 bits of entropy available)
[    1.360253] random: systemd-udevd: uninitialized urandom read (16 bytes read, 3 bits of entropy available)
[    1.361892] random: systemd-udevd: uninitialized urandom read (16 bytes read, 3 bits of entropy available)
[    1.363956] random: systemd-udevd: uninitialized urandom read (16 bytes read, 3 bits of entropy available)
[    1.364618] random: udevadm: uninitialized urandom read (16 bytes read, 3 bits of entropy available)
[    1.364735] random: udevadm: uninitialized urandom read (16 bytes read, 3 bits of entropy available)
[    1.364935] random: udevadm: uninitialized urandom read (16 bytes read, 3 bits of entropy available)
[    1.494872] e1000: Intel(R) PRO/1000 Network Driver - version 7.3.21-k8-NAPI
[    1.496182] e1000: Copyright (c) 1999-2006 Intel Corporation.
[    1.497419] Fusion MPT base driver 3.04.20
[    1.498147] Copyright (c) 1999-2008 LSI Corporation
[    1.507277] Fusion MPT SPI Host driver 3.04.20
[    1.567020] AVX2 version of gcm_enc/dec engaged.
[    1.568061] AES CTR mode by8 optimization enabled
[    1.711263] input: ImExPS/2 Generic Explorer Mouse as /devices/platform/i8042/serio1/input/input4
[    1.892979] e1000 0000:00:03.0 eth0: (PCI:33MHz:32-bit) 02:0f:4d:7a:2e:0f
[    1.894168] e1000 0000:00:03.0 eth0: Intel(R) PRO/1000 Network Connection
[    1.895898] mptbase: ioc0: Initiating bringup
[    1.897347] e1000 0000:00:03.0 enp0s3: renamed from eth0
[    2.365690] ioc0: LSI53C1030 A0: Capabilities={Initiator}
[    4.672953] scsi host2: ioc0: LSI53C1030 A0, FwRev=00000000h, Ports=1, MaxQ=256, IRQ=20
[    6.401281] scsi 2:0:0:0: Direct-Access     VBOX     HARDDISK         1.0  PQ: 0 ANSI: 5
[    6.404339] scsi target2:0:0: Beginning Domain Validation
[    6.427544] scsi target2:0:0: Domain Validation skipping write tests
[    6.429869] scsi target2:0:0: Ending Domain Validation
[    6.431976] scsi target2:0:0: asynchronous
[    6.434583] scsi 2:0:1:0: Direct-Access     VBOX     HARDDISK         1.0  PQ: 0 ANSI: 5
[    6.437662] scsi target2:0:1: Beginning Domain Validation
[    6.441154] scsi target2:0:1: Domain Validation skipping write tests
[    6.443133] scsi target2:0:1: Ending Domain Validation
[    6.444963] scsi target2:0:1: asynchronous
[    6.453678] sd 2:0:0:0: Attached scsi generic sg0 type 0
[    6.455591] sd 2:0:0:0: [sda] 83886080 512-byte logical blocks: (42.9 GB/40.0 GiB)
[    6.456947] sd 2:0:1:0: Attached scsi generic sg1 type 0
[    6.458815] sd 2:0:1:0: [sdb] 20480 512-byte logical blocks: (10.5 MB/10.0 MiB)
[    6.460070] sd 2:0:0:0: [sda] Write Protect is off
[    6.460883] sd 2:0:1:0: [sdb] Write Protect is off
[    6.460976] sd 2:0:0:0: [sda] Incomplete mode parameter data
[    6.460978] sd 2:0:0:0: [sda] Assuming drive cache: write through
[    6.463366] sd 2:0:1:0: [sdb] Incomplete mode parameter data
[    6.464172] sd 2:0:1:0: [sdb] Assuming drive cache: write through
[    6.464725]  sda: sda1
[    6.466625] sd 2:0:0:0: [sda] Attached SCSI disk
[    6.470174] sd 2:0:1:0: [sdb] Attached SCSI disk
Begin: Loading essential drivers ... [    7.903824] md: linear personality registered for level -1
[    7.910169] md: multipath personality registered for level -4
[    7.916938] md: raid0 personality registered for level 0
[    7.926040] md: raid1 personality registered for level 1
[    8.000951] raid6: sse2x1   gen()  5839 MB/s
[    8.070446] raid6: sse2x1   xor()  6292 MB/s
[    8.137020] raid6: sse2x2   gen() 15439 MB/s
[    8.206576] raid6: sse2x2   xor()  9855 MB/s
[    8.273187] raid6: sse2x4   gen() 17011 MB/s
[    8.342750] raid6: sse2x4   xor()  9331 MB/s
[    8.410348] raid6: avx2x1   gen() 18558 MB/s
[    8.477912] raid6: avx2x2   gen() 23289 MB/s
[    8.545616] raid6: avx2x4   gen() 20599 MB/s
[    8.546404] raid6: using algorithm avx2x2 gen() 23289 MB/s
[    8.547566] raid6: using avx2x2 recovery algorithm
[    8.549276] xor: automatically using best checksumming function:
[    8.590575]    avx       : 17756.000 MB/sec
[    8.592225] async_tx: api initialized (async)
[    8.601998] md: raid6 personality registered for level 6
[    8.603131] md: raid5 personality registered for level 5
[    8.603979] md: raid4 personality registered for level 4
[    8.609843] md: raid10 personality registered for level 10
done.
Begin: Running /scripts/init-premount ... done.
Begin: Mounting root file system ... Begin: Running /scripts/local-top ... done.
Begin: Running /scripts/local-premount ... [    8.640779] Btrfs loaded
Scanning for Btrfs filesystems
done.
Warning: fsck not present, so skipping root file system
[    8.675551] EXT4-fs (sda1): INFO: recovery required on readonly filesystem
[    8.676763] EXT4-fs (sda1): write access will be enabled during recovery
[    8.725585] EXT4-fs (sda1): orphan cleanup on readonly fs
[    8.734403] EXT4-fs (sda1): 3 orphan inodes deleted
[    8.735174] EXT4-fs (sda1): recovery complete
[    8.736464] EXT4-fs (sda1): mounted filesystem with ordered data mode. Opts: (null)
done.
Begin: Running /scripts/local-bottom ... done.
Begin: Running /scripts/init-bottom ... done.
[    8.908689] systemd[1]: systemd 229 running in system mode. (+PAM +AUDIT +SELINUX +IMA +APPARMOR +SMACK +SYSVINIT +UTMP +LIBCRYPTSETUP +GCRYPT +GNUTLS +ACL +XZ -LZ4 +SECCOMP +BLKID +ELFUTILS +KMOD -IDN)
[    8.914831] systemd[1]: Detected virtualization oracle.
[    8.916703] systemd[1]: Detected architecture x86-64.

Welcome to [1mUbuntu 16.04.7 LTS[0m!

[    8.923398] systemd[1]: Set hostname to <ubuntu-xenial>.
[    9.188706] systemd[1]: Reached target System Time Synchronized.
[[0;32m  OK  [0m] Reached target System Time Synchronized.
[    9.191208] systemd[1]: Listening on LVM2 poll daemon socket.
[[0;32m  OK  [0m] Listening on LVM2 poll daemon socket.
[    9.193604] systemd[1]: Created slice User and Session Slice.
[[0;32m  OK  [0m] Created slice User and Session Slice.
[    9.195929] systemd[1]: Set up automount Arbitrary Executable File Formats File System Automount Point.
[[0;32m  OK  [0m] Set up automount Arbitrary Executab...ats File System Automount Point.
[    9.198778] systemd[1]: Listening on udev Control Socket.
[[0;32m  OK  [0m] Listening on udev Control Socket.
[    9.200380] systemd[1]: Reached target Encrypted Volumes.
[[0;32m  OK  [0m] Reached target Encrypted Volumes.
[    9.201992] systemd[1]: Listening on Device-mapper event daemon FIFOs.
[[0;32m  OK  [0m] Listening on Device-mapper event daemon FIFOs.
[    9.203839] systemd[1]: Started Trigger resolvconf update for networkd DNS.
[[0;32m  OK  [0m] Started Trigger resolvconf update for networkd DNS.
[    9.205813] systemd[1]: Listening on Journal Socket (/dev/log).
[[0;32m  OK  [0m] Listening on Journal Socket (/dev/log).
[    9.207548] systemd[1]: Listening on LVM2 metadata daemon socket.
[[0;32m  OK  [0m] Listening on LVM2 metadata daemon socket.
[    9.209281] systemd[1]: Reached target User and Group Name Lookups.
[[0;32m  OK  [0m] Reached target User and Group Name Lookups.
[    9.211175] systemd[1]: Started Forward Password Requests to Wall Directory Watch.
[[0;32m  OK  [0m] Started Forward Password Requests to Wall Directory Watch.
[    9.213363] systemd[1]: Reached target Swap.
[[0;32m  OK  [0m] Reached target Swap.
[    9.214818] systemd[1]: Listening on /dev/initctl Compatibility Named Pipe.
[[0;32m  OK  [0m] Listening on /dev/initctl Compatibility Named Pipe.
[    9.216756] systemd[1]: Listening on Journal Socket.
[[0;32m  OK  [0m] Listening on Journal Socket.
[    9.218392] systemd[1]: Listening on Journal Audit Socket.
[[0;32m  OK  [0m] Listening on Journal Audit Socket.
[    9.220055] systemd[1]: Listening on Syslog Socket.
[[0;32m  OK  [0m] Listening on Syslog Socket.
[    9.221429] systemd[1]: Listening on udev Kernel Socket.
[[0;32m  OK  [0m] Listening on udev Kernel Socket.
[    9.223261] systemd[1]: Created slice System Slice.
[[0;32m  OK  [0m] Created slice System Slice.
[    9.240876] systemd[1]: Mounting Huge Pages File System...
         Mounting Huge Pages File System...
[    9.244613] systemd[1]: Starting Monitoring of LVM2 mirrors, snapshots etc. using dmeventd or progress polling...
         Starting Monitoring of LVM2 mirrors... dmeventd or progress polling...
[    9.250833] systemd[1]: Starting Create list of required static device nodes for the current kernel...
         Starting Create list of required st... nodes for the current kernel...
[    9.254720] systemd[1]: Starting Nameserver information manager...
         Starting Nameserver information manager...
[    9.259206] systemd[1]: Starting Set console keymap...
         [    9.260678] random: nonblocking pool is initialized
Starting Set console keymap...
[    9.263679] systemd[1]: Starting Journal Service...
         Starting Journal Service...
[    9.266288] systemd[1]: Reached target Slices.
[[0;32m  OK  [0m] Reached target Slices.
[    9.272490] systemd[1]: Starting Uncomplicated firewall...
         Starting Uncomplicated firewall...
[    9.306455] systemd[1]: Starting Load Kernel Modules...
         Starting Load Kernel Modules...
[    9.308880] systemd[1]: Created slice system-serial\x2dgetty.slice.
[[0;32m  OK  [0m] Created slice system-serial\x2dgetty.slice.
[    9.317274] systemd[1]: Starting Remount Root and Kernel File Systems...
         Starting Remount Root and Kernel File Systems...
[    9.319696] systemd[1]: Mounting POSIX Message Queue File System...
         Mounting POSIX Message Queue File System...
[    9.322286] systemd[1]: Mounting Debug File System...
         Mounting Debug File System...
[    9.325814] systemd[1]: Mounted POSIX Message Queue File System.
[    9.327302] Loading iSCSI transport class v2.0-870.
[[0;32m  OK  [0m] Mounted POSIX Message Queue File System.
[    9.328843] systemd[1]: Mounted Huge Pages File System.
[    9.329922] EXT4-fs (sda1): re-mounted. Opts: (null)
[[0;32m  OK  [0m] Mounted Huge Pages File System.
[    9.332098] systemd[1]: Mounted Debug File System.
[[0;32m  OK  [0m] Mounted Debug File System.
[    9.334069] systemd[1]: Started Create list of required static device nodes for the current kernel.
[[0;32m  OK  [0m] Started Create list of required sta...ce nodes for the current kernel.
[    9.339028] systemd[1]: Started Set console keymap.
[[0;32m  OK  [0m] Started Set console keymap.
[    9.341099] systemd[1]: Started Uncomplicated firewall.
[[0;32m  OK  [0m] Started Uncomplicated firewall.
[    9.343581] systemd[1]: Started Remount Root and Kernel File Systems.
[[0;32m  OK  [0m] Started Remount Root and Kernel File Systems.
[    9.346739] systemd[1]: Started Nameserver information manager.
[[0;32m  OK  [0m] Started Nameserver information manager.
[    9.350686] iscsi: registered transport (tcp)
[    9.352144] systemd[1]: Started Journal Service.
[[0;32m  OK  [0m] Started Journal Service.
[[0;32m  OK  [0m] Started LVM2 metadata daemon.
         Starting Flush Journal to Persistent Storage...
         Starting udev Coldplug all Devices...
         Starting Load/Save Random Seed...
         Starting Create Static Device Nodes in /dev...
[    9.375069] systemd-journald[391]: Received request to flush runtime journal from PID 1
[[0;32m  OK  [0m] Started Flush Journal to Persistent Storage.
[[0;32m  OK  [0m] Started Load/Save Random Seed.
[    9.400484] iscsi: registered transport (iser)
[[0;32m  OK  [0m] Started Load Kernel Modules.
         Starting Apply Kernel Variables...
         Mounting FUSE Control File System...
[[0;32m  OK  [0m] Mounted FUSE Control File System.
[[0;32m  OK  [0m] Started Create Static Device Nodes in /dev.
         Starting udev Kernel Device Manager...
[[0;32m  OK  [0m] Started Apply Kernel Variables.
[[0;32m  OK  [0m] Started udev Coldplug all Devices.
[[0;32m  OK  [0m] Started udev Kernel Device Manager.
[[0;32m  OK  [0m] Started Dispatch Password Requests to Console Directory Watch.
[[0;32m  OK  [0m] Found device /dev/ttyS0.
[[0;32m  OK  [0m] Listening on Load/Save RF Kill Switch Status /dev/rfkill Watch.
[[0;32m  OK  [0m] Started Monitoring of LVM2 mirrors,...ng dmeventd or progress polling.
[[0;32m  OK  [0m] Found device 82540EM Gigabit Ethern...r (PRO/1000 MT Desktop Adapter).
[[0;32m  OK  [0m] Reached target Local File Systems (Pre).
         Mounting /vagrant...
[[0;32m  OK  [0m] Reached target Local File Systems.
         Starting LSB: AppArmor initialization...
         Starting Initial cloud-init job (pre-networking)...
         Starting Tell Plymouth To Write Out Runtime Data...
         Starting Set console font and keymap...
         Starting Create Volatile Files and Directories...
[[0;1;31mFAILED[0m] Failed to mount /vagrant.
See 'systemctl status vagrant.mount' for details.
[[0;32m  OK  [0m] Started Tell Plymouth To Write Out Runtime Data.
[[0;32m  OK  [0m] Started Create Volatile Files and Directories.
         Starting Update UTMP about System Boot/Shutdown...
[[0;32m  OK  [0m] Started Update UTMP about System Boot/Shutdown.
[[0;32m  OK  [0m] Started LSB: AppArmor initialization.
         Starting Load AppArmor profiles managed internally by snapd...
[[0;32m  OK  [0m] Started Load AppArmor profiles managed internally by snapd.
[[0;32m  OK  [0m] Started Set console font and keymap.
[[0;32m  OK  [0m] Created slice system-getty.slice.
[   11.077671] cloud-init[620]: Cloud-init v. 20.4.1-0ubuntu1~16.04.1 running 'init-local' at Thu, 04 Mar 2021 07:37:51 +0000. Up 10.81 seconds.
[[0;32m  OK  [0m] Started Initial cloud-init job (pre-networking).
[[0;32m  OK  [0m] Reached target Network (Pre).
         Starting Raise network interfaces...
[[0;32m  OK  [0m] Started ifup for enp0s3.
[[0;32m  OK  [0m] Started Raise network interfaces.
[[0;32m  OK  [0m] Reached target Network.
         Starting Initial cloud-init job (metadata service crawler)...
[   11.935544] cloud-init[980]: Cloud-init v. 20.4.1-0ubuntu1~16.04.1 running 'init' at Thu, 04 Mar 2021 07:37:52 +0000. Up 11.62 seconds.
[   11.938693] cloud-init[980]: ci-info: +++++++++++++++++++++++++++++++++++++Net device info++++++++++++++++++++++++++++++++++++++
[   11.945546] cloud-init[980]: ci-info: +--------+------+---------------------------+---------------+--------+-------------------+
[   11.957116] cloud-init[980]: ci-info: | Device |  Up  |          Address          |      Mask     | Scope  |     Hw-Address    |
[   11.958795] cloud-init[980]: ci-info: +--------+------+---------------------------+---------------+--------+-------------------+
[   11.960440] cloud-init[980]: ci-info: | enp0s3 | True |         10.0.2.15         | 255.255.255.0 | global | 02:0f:4d:7a:2e:0f |
[   11.962268] cloud-init[980]: ci-info: | enp0s3 | True | fe80::f:4dff:fe7a:2e0f/64 |       .       |  link  | 02:0f:4d:7a:2e:0f |
[   11.964290] cloud-init[980]: ci-info: |   lo   | True |         127.0.0.1         |   255.0.0.0   |  host  |         .         |
[   11.966221] cloud-init[980]: ci-info: |   lo   | True |          ::1/128          |       .       |  host  |         .         |
[   11.967981] cloud-init[980]: ci-info: +--------+------+---------------------------+---------------+--------+-------------------+
[   11.969761] cloud-init[980]: ci-info: +++++++++++++++++++++++++++Route IPv4 info++++++++++++++++++++++++++++
[   11.976562] cloud-init[980]: ci-info: +-------+-------------+----------+---------------+-----------+-------+
[   11.997162] cloud-init[980]: ci-info: | Route | Destination | Gateway  |    Genmask    | Interface | Flags |
[   11.998754] cloud-init[980]: ci-info: +-------+-------------+----------+---------------+-----------+-------+
[   12.000453] cloud-init[980]: ci-info: |   0   |   0.0.0.0   | 10.0.2.2 |    0.0.0.0    |   enp0s3  |   UG  |
[   12.002103] cloud-init[980]: ci-info: |   1   |   10.0.2.0  | 0.0.0.0  | 255.255.255.0 |   enp0s3  |   U   |
[   12.003540] cloud-init[980]: ci-info: +-------+-------------+----------+---------------+-----------+-------+
[   12.005254] cloud-init[980]: ci-info: +++++++++++++++++++Route IPv6 info+++++++++++++++++++
[   12.006903] cloud-init[980]: ci-info: +-------+-------------+---------+-----------+-------+
[   12.008329] cloud-init[980]: ci-info: | Route | Destination | Gateway | Interface | Flags |
[   12.009658] cloud-init[980]: ci-info: +-------+-------------+---------+-----------+-------+
[   12.010991] cloud-init[980]: ci-info: |   0   |  fe80::/64  |    ::   |   enp0s3  |   U   |
[   12.012313] cloud-init[980]: ci-info: |   3   |   ff00::/8  |    ::   |   enp0s3  |   U   |
[   12.013705] cloud-init[980]: ci-info: +-------+-------------+---------+-----------+-------+
[[0;32m  OK  [0m] Started Initial cloud-init job (metadata service crawler).
[[0;32m  OK  [0m] Reached target Network is Online.
         Starting iSCSI initiator daemon (iscsid)...
[[0;32m  OK  [0m] Reached target Cloud-config availability.
[[0;32m  OK  [0m] Reached target System Initialization.
[[0;32m  OK  [0m] Listening on ACPID Listen Socket.
[[0;32m  OK  [0m] Started Message of the Day.
[[0;32m  OK  [0m] Started Daily apt download activities.
         Starting Socket activation for snappy daemon.
[[0;32m  OK  [0m] Started ACPI Events Check.
[[0;32m  OK  [0m] Reached target Paths.
[[0;32m  OK  [0m] Started Daily apt upgrade and clean activities.
         Starting LXD - unix socket.
[[0;32m  OK  [0m] Listening on UUID daemon activation socket.
[[0;32m  OK  [0m] Listening on D-Bus System Message Bus Socket.
[[0;32m  OK  [0m] Started Daily Cleanup of Temporary Directories.
[[0;32m  OK  [0m] Reached target Timers.
[[0;32m  OK  [0m] Listening on Socket activation for snappy daemon.
[[0;32m  OK  [0m] Listening on LXD - unix socket.
[[0;32m  OK  [0m] Reached target Sockets.
[[0;32m  OK  [0m] Reached target Basic System.
[[0;32m  OK  [0m] Started Deferred execution scheduler.
[[0;32m  OK  [0m] Started Regular background program processing daemon.
         Starting LXD - container startup/shutdown...
         Starting LSB: MD monitoring daemon...
         Starting Login Service...
[[0;32m  OK  [0m] Started ACPI event daemon.
         Starting Message of the Day...
         Starting Virtualbox guest utils...
         Starting LSB: Record successful boot for GRUB...
[[0;32m  OK  [0m] Started D-Bus System Message Bus.
[[0;32m  OK  [0m] Started FUSE filesystem for LXC.
         Starting /etc/rc.local Compatibility...
         Starting Accounts Service...
         Starting OpenBSD Secure Shell server...
         Starting System Logging Service...
         Starting Snap Daemon...
[[0;32m  OK  [0m] Started iSCSI initiator daemon (iscsid).
[[0;32m  OK  [0m] Started Message of the Day.
[[0;32m  OK  [0m] Started /etc/rc.local Compatibility.
         Starting Login to default iSCSI targets...
[[0;32m  OK  [0m] Started Login Service.
[[0;32m  OK  [0m] Started Unattended Upgrades Shutdown.
[[0;32m  OK  [0m] Started LSB: Record successful boot for GRUB.
[[0;32m  OK  [0m] Started LSB: MD monitoring daemon.
[[0;32m  OK  [0m] Started Login to default iSCSI targets.
[[0;32m  OK  [0m] Reached target Remote File Systems (Pre).
[[0;32m  OK  [0m] Reached target Remote File Systems.
         Starting LSB: Set the CPU Frequency Scaling governor to "ondemand"...
         Starting LSB: automatic crash report generation...
         Starting Permit User Sessions...
         Starting LSB: daemon to balance interrupts for SMP systems...
[[0;32m  OK  [0m] Started System Logging Service.
[[0;32m  OK  [0m] Started Permit User Sessions.
         Starting Hold until boot process finishes up...
         Starting Terminate Plymouth Boot Screen...
[[0;32m  OK  [0m] Started Hold until boot process finishes up.
[[0;32m  OK  [0m] Started LXD - container startup/shutdown.
[[0;32m  OK  [0m] Started Terminate Plymouth Boot Screen.
[[0;32m  OK  [0m] Started OpenBSD Secure Shell server.
[[0;32m  OK  [0m] Started Getty on tty1.
         Starting Set console scheme...
[[0;32m  OK  [0m] Started Serial Getty on ttyS0.
[[0;32m  OK  [0m] Reached target Login Prompts.
         Starting Authenticate and Authorize Users to Run Privileged Tasks...
[[0;32m  OK  [0m] Started LSB: Set the CPU Frequency Scaling governor to "ondemand".
[[0;32m  OK  [0m] Started Set console scheme.
[[0;32m  OK  [0m] Started LSB: automatic crash report generation.
[[0;32m  OK  [0m] Started LSB: daemon to balance interrupts for SMP systems.
[[0;32m  OK  [0m] Started Virtualbox guest utils.
[[0;32m  OK  [0m] Started Authenticate and Authorize Users to Run Privileged Tasks.
[[0;32m  OK  [0m] Started Accounts Service.
[[0;32m  OK  [0m] Created slice User Slice of vagrant.
         Starting User Manager for UID 1000...
[[0;32m  OK  [0m] Started Session 1 of user vagrant.
[[0;32m  OK  [0m] Started Snap Daemon.
         Starting Wait until snapd is fully seeded...
[[0;32m  OK  [0m] Started User Manager for UID 1000.
[[0;32m  OK  [0m] Started Wait until snapd is fully seeded.
         Starting Apply the settings specified in cloud-config...
[[0;32m  OK  [0m] Reached target Multi-User System.
[[0;32m  OK  [0m] Reached target Graphical Interface.
         Starting Update UTMP about System Runlevel Changes...
[[0;32m  OK  [0m] Started Update UTMP about System Runlevel Changes.
[   13.194708] cloud-init[1259]: Cloud-init v. 20.4.1-0ubuntu1~16.04.1 running 'modules:config' at Thu, 04 Mar 2021 07:37:53 +0000. Up 13.09 seconds.
[[0;32m  OK  [0m] Started Apply the settings specified in cloud-config.
         Starting Execute cloud user/final scripts...
[   13.790036] cloud-init[1323]: Cloud-init v. 20.4.1-0ubuntu1~16.04.1 running 'modules:final' at Thu, 04 Mar 2021 07:37:54 +0000. Up 13.65 seconds.
[   13.792623] cloud-init[1323]: Cloud-init v. 20.4.1-0ubuntu1~16.04.1 finished at Thu, 04 Mar 2021 07:37:54 +0000. Datasource DataSourceNoCloud [seed=/dev/sdb][dsmode=net].  Up 13.78 seconds
[[0;32m  OK  [0m] Started Execute cloud user/final scripts.
         Starting Daily apt download activities...
[[0;32m  OK  [0m] Reached target Cloud-init target.
         Stopping User Manager for UID 1000...
[[0;32m  OK  [0m] Stopped User Manager for UID 1000.
[[0;32m  OK  [0m] Removed slice User Slice of vagrant.

Ubuntu 16.04.7 LTS ubuntu-xenial ttyS0

ubuntu-xenial login: 