[    0.000000] Initializing cgroup subsys cpuset
[    0.000000] Initializing cgroup subsys cpu
[    0.000000] Initializing cgroup subsys cpuacct
[    0.000000] Linux version 4.4.0-203-generic (buildd@lcy01-amd64-027) (gcc version 5.4.0 20160609 (Ubuntu 5.4.0-6ubuntu1~16.04.12) ) #235-Ubuntu SMP Tue Feb 2 02:49:08 UTC 2021 (Ubuntu 4.4.0-203.235-generic 4.4.249)
[    0.000000] Command line: BOOT_IMAGE=/boot/vmlinuz-4.4.0-203-generic root=UUID=f2f23586-2622-43ee-8d74-a9a6f5f6f861 ro console=tty1 console=ttyS0
[    0.000000] KERNEL supported cpus:
[    0.000000]   Intel GenuineIntel
[    0.000000]   AMD AuthenticAMD
[    0.000000]   Centaur CentaurHauls
[    0.000000] [Firmware Bug]: TSC doesn't count with P0 frequency!
[    0.000000] x86/fpu: xstate_offset[2]:  576, xstate_sizes[2]:  256
[    0.000000] x86/fpu: Supporting XSAVE feature 0x01: 'x87 floating point registers'
[    0.000000] x86/fpu: Supporting XSAVE feature 0x02: 'SSE registers'
[    0.000000] x86/fpu: Supporting XSAVE feature 0x04: 'AVX registers'
[    0.000000] x86/fpu: Enabled xstate features 0x7, context size is 832 bytes, using 'standard' format.
[    0.000000] e820: BIOS-provided physical RAM map:
[    0.000000] BIOS-e820: [mem 0x0000000000000000-0x000000000009fbff] usable
[    0.000000] BIOS-e820: [mem 0x000000000009fc00-0x000000000009ffff] reserved
[    0.000000] BIOS-e820: [mem 0x00000000000f0000-0x00000000000fffff] reserved
[    0.000000] BIOS-e820: [mem 0x0000000000100000-0x000000003ffeffff] usable
[    0.000000] BIOS-e820: [mem 0x000000003fff0000-0x000000003fffffff] ACPI data
[    0.000000] BIOS-e820: [mem 0x00000000fec00000-0x00000000fec00fff] reserved
[    0.000000] BIOS-e820: [mem 0x00000000fee00000-0x00000000fee00fff] reserved
[    0.000000] BIOS-e820: [mem 0x00000000fffc0000-0x00000000ffffffff] reserved
[    0.000000] NX (Execute Disable) protection: active
[    0.000000] SMBIOS 2.5 present.
[    0.000000] Hypervisor detected: KVM
[    0.000000] Kernel/User page tables isolation: disabled
[    0.000000] e820: last_pfn = 0x3fff0 max_arch_pfn = 0x400000000
[    0.000000] MTRR: Disabled
[    0.000000] x86/PAT: MTRRs disabled, skipping PAT initialization too.
[    0.000000] CPU MTRRs all blank - virtualized system.
[    0.000000] x86/PAT: Configuration [0-7]: WB  WT  UC- UC  WB  WT  UC- UC  
[    0.000000] found SMP MP-table at [mem 0x0009fff0-0x0009ffff] mapped at [ffff88000009fff0]
[    0.000000] Scanning 1 areas for low memory corruption
[    0.000000] RAMDISK: [mem 0x361ca000-0x370dcfff]
[    0.000000] ACPI: Early table checksum verification disabled
[    0.000000] ACPI: RSDP 0x00000000000E0000 000024 (v02 VBOX  )
[    0.000000] ACPI: XSDT 0x000000003FFF0030 00003C (v01 VBOX   VBOXXSDT 00000001 ASL  00000061)
[    0.000000] ACPI: FACP 0x000000003FFF00F0 0000F4 (v04 VBOX   VBOXFACP 00000001 ASL  00000061)
[    0.000000] ACPI: DSDT 0x000000003FFF0470 002325 (v02 VBOX   VBOXBIOS 00000002 INTL 20100528)
[    0.000000] ACPI: FACS 0x000000003FFF0200 000040
[    0.000000] ACPI: FACS 0x000000003FFF0200 000040
[    0.000000] ACPI: APIC 0x000000003FFF0240 00005C (v02 VBOX   VBOXAPIC 00000001 ASL  00000061)
[    0.000000] ACPI: SSDT 0x000000003FFF02A0 0001CC (v01 VBOX   VBOXCPUT 00000002 INTL 20100528)
[    0.000000] No NUMA configuration found
[    0.000000] Faking a node at [mem 0x0000000000000000-0x000000003ffeffff]
[    0.000000] NODE_DATA(0) allocated [mem 0x3ffeb000-0x3ffeffff]
[    0.000000] kvm-clock: Using msrs 4b564d01 and 4b564d00
[    0.000000] kvm-clock: cpu 0, msr 0:3ffe3001, primary cpu clock
[    0.000000] kvm-clock: using sched offset of 3739233190 cycles
[    0.000000] clocksource: kvm-clock: mask: 0xffffffffffffffff max_cycles: 0x1cd42e4dffb, max_idle_ns: 881590591483 ns
[    0.000000] Zone ranges:
[    0.000000]   DMA      [mem 0x0000000000001000-0x0000000000ffffff]
[    0.000000]   DMA32    [mem 0x0000000001000000-0x000000003ffeffff]
[    0.000000]   Normal   empty
[    0.000000]   Device   empty
[    0.000000] Movable zone start for each node
[    0.000000] Early memory node ranges
[    0.000000]   node   0: [mem 0x0000000000001000-0x000000000009efff]
[    0.000000]   node   0: [mem 0x0000000000100000-0x000000003ffeffff]
[    0.000000] Initmem setup node 0 [mem 0x0000000000001000-0x000000003ffeffff]
[    0.000000] ACPI: PM-Timer IO Port: 0x4008
[    0.000000] IOAPIC[0]: apic_id 2, version 32, address 0xfec00000, GSI 0-23
[    0.000000] ACPI: INT_SRC_OVR (bus 0 bus_irq 0 global_irq 2 dfl dfl)
[    0.000000] ACPI: INT_SRC_OVR (bus 0 bus_irq 9 global_irq 9 low level)
[    0.000000] Using ACPI (MADT) for SMP configuration information
[    0.000000] smpboot: Allowing 2 CPUs, 0 hotplug CPUs
[    0.000000] PM: Registered nosave memory: [mem 0x00000000-0x00000fff]
[    0.000000] PM: Registered nosave memory: [mem 0x0009f000-0x0009ffff]
[    0.000000] PM: Registered nosave memory: [mem 0x000a0000-0x000effff]
[    0.000000] PM: Registered nosave memory: [mem 0x000f0000-0x000fffff]
[    0.000000] e820: [mem 0x40000000-0xfebfffff] available for PCI devices
[    0.000000] Booting paravirtualized kernel on KVM
[    0.000000] clocksource: refined-jiffies: mask: 0xffffffff max_cycles: 0xffffffff, max_idle_ns: 7645519600211568 ns
[    0.000000] setup_percpu: NR_CPUS:512 nr_cpumask_bits:512 nr_cpu_ids:2 nr_node_ids:1
[    0.000000] PERCPU: Embedded 33 pages/cpu @ffff88003fc00000 s95640 r8192 d31336 u1048576
[    0.000000] Built 1 zonelists in Node order, mobility grouping on.  Total pages: 257912
[    0.000000] Policy zone: DMA32
[    0.000000] Kernel command line: BOOT_IMAGE=/boot/vmlinuz-4.4.0-203-generic root=UUID=f2f23586-2622-43ee-8d74-a9a6f5f6f861 ro console=tty1 console=ttyS0
[    0.000000] PID hash table entries: 4096 (order: 3, 32768 bytes)
[    0.000000] Memory: 997104K/1048120K available (8641K kernel code, 1337K rwdata, 4044K rodata, 1496K init, 1296K bss, 51016K reserved, 0K cma-reserved)
[    0.000000] SLUB: HWalign=64, Order=0-3, MinObjects=0, CPUs=2, Nodes=1
[    0.000000] Hierarchical RCU implementation.
[    0.000000] 	Build-time adjustment of leaf fanout to 64.
[    0.000000] 	RCU restricting CPUs from NR_CPUS=512 to nr_cpu_ids=2.
[    0.000000] RCU: Adjusting geometry for rcu_fanout_leaf=64, nr_cpu_ids=2
[    0.000000] NR_IRQS:33024 nr_irqs:440 16
[    0.000000] Console: colour VGA+ 80x25
[    0.000000] console [tty1] enabled
[    0.000000] console [ttyS0] enabled
[    0.000000] tsc: Detected 3593.230 MHz processor
[    0.176265] Calibrating delay loop (skipped) preset value.. 7186.46 BogoMIPS (lpj=14372920)
[    0.178392] pid_max: default: 32768 minimum: 301
[    0.179291] ACPI: Core revision 20150930
[    0.181014] ACPI: 2 ACPI AML tables successfully acquired and loaded
[    0.182245] Security Framework initialized
[    0.183031] Yama: becoming mindful.
[    0.183757] AppArmor: AppArmor initialized
[    0.184616] Dentry cache hash table entries: 131072 (order: 8, 1048576 bytes)
[    0.185962] Inode-cache hash table entries: 65536 (order: 7, 524288 bytes)
[    0.210010] Mount-cache hash table entries: 2048 (order: 2, 16384 bytes)
[    0.211276] Mountpoint-cache hash table entries: 2048 (order: 2, 16384 bytes)
[    0.212744] Initializing cgroup subsys io
[    0.213628] Initializing cgroup subsys memory
[    0.214501] Initializing cgroup subsys devices
[    0.215360] Initializing cgroup subsys freezer
[    0.216235] Initializing cgroup subsys net_cls
[    0.217090] Initializing cgroup subsys perf_event
[    0.217982] Initializing cgroup subsys net_prio
[    0.218862] Initializing cgroup subsys hugetlb
[    0.219756] Initializing cgroup subsys pids
[    0.330907] mce: CPU supports 0 MCE banks
[    0.331618] Last level iTLB entries: 4KB 1024, 2MB 1024, 4MB 512
[    0.332857] Last level dTLB entries: 4KB 1536, 2MB 1536, 4MB 768, 1GB 0
[    0.333768] Spectre V1 : Mitigation: usercopy/swapgs barriers and __user pointer sanitization
[    0.335145] Spectre V2 : Spectre mitigation: LFENCE not serializing, switching to generic retpoline
[    0.336466] Spectre V2 : Mitigation: Full generic retpoline
[    0.337253] Spectre V2 : Spectre v2 / SpectreRSB mitigation: Filling RSB on context switch
[    0.338484] Speculative Store Bypass: Mitigation: Speculative Store Bypass disabled via prctl and seccomp
[    0.353513] Freeing SMP alternatives memory: 36K
[    0.360411] ftrace: allocating 32366 entries in 127 pages
[    0.432478] smpboot: APIC(0) Converting physical 0 to logical package 0
[    0.433428] smpboot: Max logical packages: 1
[    0.434336] x2apic enabled
[    0.435033] Switched APIC routing to physical x2apic.
[    0.436702] ..TIMER: vector=0x30 apic1=0 pin1=2 apic2=-1 pin2=-1
[    0.545620] APIC calibration not consistent with PM-Timer: 110ms instead of 100ms
[    0.547593] APIC delta adjusted to PM-Timer: 6455961 (7134556)
[    0.554148] smpboot: CPU0: AMD Ryzen 5 2400G with Radeon Vega Graphics (family: 0x17, model: 0x11, stepping: 0x0)
[    0.557178] Performance Events: Broken PMU hardware detected, using software events only.
[    0.558825] Failed to access perfctr msr (MSR c0010007 is 0)
[    0.566485] KVM setup paravirtual spinlock
[    0.569687] x86: Booting SMP configuration:
[    0.570385] .... node  #0, CPUs:      #1
[    0.571248] kvm-clock: cpu 1, msr 0:3ffe3041, secondary cpu clock
[    0.682110] mce: CPU supports 0 MCE banks
[    0.684578] x86: Booted up 1 node, 2 CPUs
[    0.685622] smpboot: Total of 2 processors activated (14372.92 BogoMIPS)
[    0.687283] devtmpfs: initialized
[    0.689698] evm: security.selinux
[    0.690271] evm: security.SMACK64
[    0.690851] evm: security.SMACK64EXEC
[    0.691478] evm: security.SMACK64TRANSMUTE
[    0.692130] evm: security.SMACK64MMAP
[    0.692743] evm: security.ima
[    0.693275] evm: security.capability
[    0.716719] clocksource: jiffies: mask: 0xffffffff max_cycles: 0xffffffff, max_idle_ns: 7645041785100000 ns
[    0.718239] futex hash table entries: 512 (order: 3, 32768 bytes)
[    0.719260] pinctrl core: initialized pinctrl subsystem
[    0.720146] RTC time:  9:06:26, date: 03/11/21
[    0.722262] NET: Registered protocol family 16
[    0.736604] cpuidle: using governor ladder
[    0.747368] cpuidle: using governor menu
[    0.755213] PCCT header not found.
[    0.756878] ACPI: bus type PCI registered
[    0.757748] acpiphp: ACPI Hot Plug PCI Controller Driver version: 0.5
[    0.759285] PCI: Using configuration type 1 for base access
[    0.760501] PCI: Using configuration type 1 for extended access
[    0.775067] ACPI: Added _OSI(Module Device)
[    0.777377] ACPI: Added _OSI(Processor Device)
[    0.778543] ACPI: Added _OSI(3.0 _SCP Extensions)
[    0.779507] ACPI: Added _OSI(Processor Aggregator Device)
[    0.781325] ACPI: Executed 1 blocks of module-level executable AML code
[    0.785788] ACPI: Interpreter enabled
[    0.786459] ACPI: (supports S0 S5)
[    0.787063] ACPI: Using IOAPIC for interrupt routing
[    0.788178] PCI: Using host bridge windows from ACPI; if necessary, use "pci=nocrs" and report a bug
[    0.793849] ACPI: PCI Root Bridge [PCI0] (domain 0000 [bus 00-ff])
[    0.795058] acpi PNP0A03:00: _OSC: OS supports [ExtendedConfig ASPM ClockPM Segments MSI]
[    0.797374] acpi PNP0A03:00: _OSC: platform does not support [PCIeCapability]
[    0.798896] acpi PNP0A03:00: _OSC: not requesting control; platform does not support [PCIeCapability]
[    0.800644] acpi PNP0A03:00: _OSC: OS requested [PCIeHotplug PME AER PCIeCapability]
[    0.802247] acpi PNP0A03:00: _OSC: platform willing to grant [PCIeHotplug PME AER]
[    0.811085] acpi PNP0A03:00: _OSC failed (AE_SUPPORT); disabling ASPM
[    0.812314] PCI host bridge to bus 0000:00
[    0.812995] pci_bus 0000:00: root bus resource [io  0x0000-0x0cf7 window]
[    0.813996] pci_bus 0000:00: root bus resource [io  0x0d00-0xffff window]
[    0.815003] pci_bus 0000:00: root bus resource [mem 0x000a0000-0x000bffff window]
[    0.816205] pci_bus 0000:00: root bus resource [mem 0x40000000-0xfdffffff window]
[    0.817419] pci_bus 0000:00: root bus resource [bus 00-ff]
[    0.819858] pci 0000:00:01.1: legacy IDE quirk: reg 0x10: [io  0x01f0-0x01f7]
[    0.820928] pci 0000:00:01.1: legacy IDE quirk: reg 0x14: [io  0x03f6]
[    0.821881] pci 0000:00:01.1: legacy IDE quirk: reg 0x18: [io  0x0170-0x0177]
[    0.822928] pci 0000:00:01.1: legacy IDE quirk: reg 0x1c: [io  0x0376]
[    0.843598] pci 0000:00:07.0: quirk: [io  0x4000-0x403f] claimed by PIIX4 ACPI
[    0.845318] pci 0000:00:07.0: quirk: [io  0x4100-0x410f] claimed by PIIX4 SMB
[    0.851971] ACPI: PCI Interrupt Link [LNKA] (IRQs 5 9 10 *11)
[    0.853349] ACPI: PCI Interrupt Link [LNKB] (IRQs 5 9 *10 11)
[    0.854618] ACPI: PCI Interrupt Link [LNKC] (IRQs 5 *9 10 11)
[    0.855826] ACPI: PCI Interrupt Link [LNKD] (IRQs 5 9 10 *11)
[    0.857137] ACPI: Enabled 2 GPEs in block 00 to 07
[    0.858144] vgaarb: setting as boot device: PCI:0000:00:02.0
[    0.859072] vgaarb: device added: PCI:0000:00:02.0,decodes=io+mem,owns=io+mem,locks=none
[    0.860379] vgaarb: loaded
[    0.860910] vgaarb: bridge control possible 0000:00:02.0
[    0.861884] SCSI subsystem initialized
[    0.862627] ACPI: bus type USB registered
[    0.863444] usbcore: registered new interface driver usbfs
[    0.864528] usbcore: registered new interface driver hub
[    0.865527] usbcore: registered new device driver usb
[    0.866672] PCI: Using ACPI for IRQ routing
[    0.867754] NetLabel: Initializing
[    0.868483] NetLabel:  domain hash size = 128
[    0.869335] NetLabel:  protocols = UNLABELED CIPSOv4
[    0.870264] NetLabel:  unlabeled traffic allowed by default
[    0.871381] amd_nb: Cannot enumerate AMD northbridges
[    0.872361] clocksource: Switched to clocksource kvm-clock
[    0.927452] AppArmor: AppArmor Filesystem Enabled
[    0.928253] pnp: PnP ACPI init
[    0.929371] pnp: PnP ACPI: found 3 devices
[    0.938251] clocksource: acpi_pm: mask: 0xffffff max_cycles: 0xffffff, max_idle_ns: 2085701024 ns
[    0.939745] NET: Registered protocol family 2
[    0.940849] TCP established hash table entries: 8192 (order: 4, 65536 bytes)
[    0.941913] TCP bind hash table entries: 8192 (order: 5, 131072 bytes)
[    0.943026] TCP: Hash tables configured (established 8192 bind 8192)
[    0.944242] UDP hash table entries: 512 (order: 2, 16384 bytes)
[    0.945279] UDP-Lite hash table entries: 512 (order: 2, 16384 bytes)
[    0.946367] NET: Registered protocol family 1
[    0.947128] pci 0000:00:00.0: Limiting direct PCI/PCI transfers
[    0.948091] pci 0000:00:01.0: Activating ISA DMA hang workarounds
[    0.972148] Unpacking initramfs...
[    1.758210] Freeing initrd memory: 15436K
[    1.759117] clocksource: tsc: mask: 0xffffffffffffffff max_cycles: 0x33cb5887408, max_idle_ns: 440795389429 ns
[    1.760611] platform rtc_cmos: registered platform RTC device (no PNP device found)
[    1.761897] Scanning for low memory corruption every 60 seconds
[    1.763050] audit: initializing netlink subsys (disabled)
[    1.763916] audit: type=2000 audit(1615453592.833:1): initialized
[    1.765200] Initialise system trusted keyring
[    1.766234] HugeTLB registered 2 MB page size, pre-allocated 0 pages
[    1.768158] zbud: loaded
[    1.769078] VFS: Disk quotas dquot_6.6.0
[    1.769796] VFS: Dquot-cache hash table entries: 512 (order 0, 4096 bytes)
[    1.771035] squashfs: version 4.0 (2009/01/31) Phillip Lougher
[    1.772269] fuse init (API version 7.23)
[    1.773138] Key type big_key registered
[    1.773844] Allocating IMA MOK and blacklist keyrings.
[    1.776596] Key type asymmetric registered
[    1.777419] Asymmetric key parser 'x509' registered
[    1.778359] Block layer SCSI generic (bsg) driver version 0.4 loaded (major 249)
[    1.779759] io scheduler noop registered
[    1.780443] io scheduler deadline registered (default)
[    1.781292] io scheduler cfq registered
[    1.782033] pci_hotplug: PCI Hot Plug PCI Core version: 0.5
[    1.782864] pciehp: PCI Express Hot Plug Controller Driver version: 0.4
[    1.783926] ACPI: AC Adapter [AC] (on-line)
[    1.784781] input: Power Button as /devices/LNXSYSTM:00/LNXPWRBN:00/input/input0
[    1.786007] ACPI: Power Button [PWRF]
[    1.786686] input: Sleep Button as /devices/LNXSYSTM:00/LNXSLPBN:00/input/input1
[    1.787969] ACPI: Sleep Button [SLPF]
[    1.788752] GHES: HEST is not enabled!
[    1.789552] Serial: 8250/16550 driver, 32 ports, IRQ sharing enabled
[    1.810980] 00:02: ttyS0 at I/O 0x3f8 (irq = 4, base_baud = 115200) is a 16550A
[    1.814532] Linux agpgart interface v0.103
[    1.816430] loop: module loaded
[    1.817450] scsi host0: ata_piix
[    1.818959] scsi host1: ata_piix
[    1.819539] ata1: PATA max UDMA/33 cmd 0x1f0 ctl 0x3f6 bmdma 0xd000 irq 14
[    1.820474] ata2: PATA max UDMA/33 cmd 0x170 ctl 0x376 bmdma 0xd008 irq 15
[    1.822434] libphy: Fixed MDIO Bus: probed
[    1.823101] tun: Universal TUN/TAP device driver, 1.6
[    1.823830] tun: (C) 1999-2004 Max Krasnyansky <maxk@qualcomm.com>
[    1.824837] PPP generic driver version 2.4.2
[    1.826313] ehci_hcd: USB 2.0 'Enhanced' Host Controller (EHCI) Driver
[    1.827532] ehci-pci: EHCI PCI platform driver
[    1.828267] ehci-platform: EHCI generic platform driver
[    1.829037] ohci_hcd: USB 1.1 'Open' Host Controller (OHCI) Driver
[    1.829878] ohci-pci: OHCI PCI platform driver
[    1.830548] ohci-platform: OHCI generic platform driver
[    1.831298] uhci_hcd: USB Universal Host Controller Interface driver
[    1.832194] i8042: PNP: PS/2 Controller [PNP0303:PS2K,PNP0f03:PS2M] at 0x60,0x64 irq 1,12
[    1.833814] serio: i8042 KBD port at 0x60,0x64 irq 1
[    1.834563] serio: i8042 AUX port at 0x60,0x64 irq 12
[    1.835525] mousedev: PS/2 mouse device common for all mice
[    1.836684] input: AT Translated Set 2 keyboard as /devices/platform/i8042/serio0/input/input2
[    1.838297] rtc_cmos rtc_cmos: rtc core: registered rtc_cmos as rtc0
[    1.839215] rtc_cmos rtc_cmos: alarms up to one day, 114 bytes nvram
[    1.840079] i2c /dev entries driver
[    1.840689] device-mapper: uevent: version 1.0.3
[    1.841489] device-mapper: ioctl: 4.34.0-ioctl (2015-10-28) initialised: dm-devel@redhat.com
[    1.842769] ledtrig-cpu: registered to indicate activity on CPUs
[    1.844402] NET: Registered protocol family 10
[    1.845639] NET: Registered protocol family 17
[    1.846458] Key type dns_resolver registered
[    1.847915] registered taskstats version 1
[    1.849905] Loading compiled-in X.509 certificates
[    1.853622] Loaded X.509 cert 'Build time autogenerated kernel key: c0f1dd89d7e09a1955be4fde7c6f946674683c10'
[    1.858100] zswap: loaded using pool lzo/zbud
[    1.862865] Key type trusted registered
[    1.867258] Key type encrypted registered
[    1.867956] AppArmor: AppArmor sha1 policy hashing enabled
[    1.868753] ima: No TPM chip found, activating TPM-bypass!
[    1.869661] ima: Allocated hash algorithm: sha1
[    1.870483] evm: HMAC attrs: 0x1
[    1.871344]   Magic number: 13:823:120
[    1.871986] misc device-mapper: hash matches
[    1.872760] rtc_cmos rtc_cmos: setting system clock to 2021-03-11 09:06:27 UTC (1615453587)
[    1.874361] BIOS EDD facility v0.16 2004-Jun-25, 0 devices found
[    1.875511] EDD information not available.
[    2.004647] Freeing unused kernel memory: 1496K
[    2.006216] Write protecting the kernel read-only data: 14336k
[    2.008899] Freeing unused kernel memory: 1588K
[    2.010865] Freeing unused kernel memory: 52K
Loading, please wait...
starting version 229
[    2.025454] random: systemd-udevd: uninitialized urandom read (16 bytes read, 5 bits of entropy available)
[    2.025661] random: udevadm: uninitialized urandom read (16 bytes read, 5 bits of entropy available)
[    2.025808] random: udevadm: uninitialized urandom read (16 bytes read, 5 bits of entropy available)
[    2.031823] random: systemd-udevd: uninitialized urandom read (16 bytes read, 5 bits of entropy available)
[    2.033778] random: systemd-udevd: uninitialized urandom read (16 bytes read, 5 bits of entropy available)
[    2.035408] random: udevadm: uninitialized urandom read (16 bytes read, 5 bits of entropy available)
[    2.035544] random: udevadm: uninitialized urandom read (16 bytes read, 5 bits of entropy available)
[    2.035762] random: udevadm: uninitialized urandom read (16 bytes read, 5 bits of entropy available)
[    2.035892] random: udevadm: uninitialized urandom read (16 bytes read, 5 bits of entropy available)
[    2.036022] random: udevadm: uninitialized urandom read (16 bytes read, 5 bits of entropy available)
[    2.172122] e1000: Intel(R) PRO/1000 Network Driver - version 7.3.21-k8-NAPI
[    2.173388] e1000: Copyright (c) 1999-2006 Intel Corporation.
[    2.174605] Fusion MPT base driver 3.04.20
[    2.175387] Copyright (c) 1999-2008 LSI Corporation
[    2.179908] Fusion MPT SPI Host driver 3.04.20
[    2.214946] AVX2 version of gcm_enc/dec engaged.
[    2.215694] AES CTR mode by8 optimization enabled
[    2.413038] input: ImExPS/2 Generic Explorer Mouse as /devices/platform/i8042/serio1/input/input4
[    2.767704] e1000 0000:00:03.0 eth0: (PCI:33MHz:32-bit) 02:0f:4d:7a:2e:0f
[    2.768680] e1000 0000:00:03.0 eth0: Intel(R) PRO/1000 Network Connection
[    2.770766] mptbase: ioc0: Initiating bringup
[    2.771044] e1000 0000:00:03.0 enp0s3: renamed from eth0
[    2.837825] ioc0: LSI53C1030 A0: Capabilities={Initiator}
[    3.002676] scsi host2: ioc0: LSI53C1030 A0, FwRev=00000000h, Ports=1, MaxQ=256, IRQ=20
[    3.621285] scsi 2:0:0:0: Direct-Access     VBOX     HARDDISK         1.0  PQ: 0 ANSI: 5
[    3.624915] scsi target2:0:0: Beginning Domain Validation
[    3.636974] scsi target2:0:0: Domain Validation skipping write tests
[    3.639215] scsi target2:0:0: Ending Domain Validation
[    3.641150] scsi target2:0:0: asynchronous
[    3.643220] scsi 2:0:1:0: Direct-Access     VBOX     HARDDISK         1.0  PQ: 0 ANSI: 5
[    3.646332] scsi target2:0:1: Beginning Domain Validation
[    3.649701] scsi target2:0:1: Domain Validation skipping write tests
[    3.651819] scsi target2:0:1: Ending Domain Validation
[    3.653725] scsi target2:0:1: asynchronous
[    3.665171] sd 2:0:0:0: Attached scsi generic sg0 type 0
[    3.665553] sd 2:0:0:0: [sda] 83886080 512-byte logical blocks: (42.9 GB/40.0 GiB)
[    3.665772] sd 2:0:0:0: [sda] Write Protect is off
[    3.665877] sd 2:0:0:0: [sda] Incomplete mode parameter data
[    3.665879] sd 2:0:0:0: [sda] Assuming drive cache: write through
[    3.667972]  sda: sda1
[    3.668751] sd 2:0:0:0: [sda] Attached SCSI disk
[    3.677840] sd 2:0:1:0: Attached scsi generic sg1 type 0
[    3.678064] sd 2:0:1:0: [sdb] 20480 512-byte logical blocks: (10.5 MB/10.0 MiB)
[    3.678180] sd 2:0:1:0: [sdb] Write Protect is off
[    3.678334] sd 2:0:1:0: [sdb] Incomplete mode parameter data
[    3.678335] sd 2:0:1:0: [sdb] Assuming drive cache: write through
[    3.680880] sd 2:0:1:0: [sdb] Attached SCSI disk
Begin: Loading essential drivers ... [    5.107794] md: linear personality registered for level -1
[    5.111133] md: multipath personality registered for level -4
[    5.115202] md: raid0 personality registered for level 0
[    5.120084] md: raid1 personality registered for level 1
[    5.189426] raid6: sse2x1   gen()  6688 MB/s
[    5.257976] raid6: sse2x1   xor()  6454 MB/s
[    5.324583] raid6: sse2x2   gen() 12924 MB/s
[    5.393148] raid6: sse2x2   xor()  8071 MB/s
[    5.460735] raid6: sse2x4   gen() 11945 MB/s
[    5.529302] raid6: sse2x4   xor()  7697 MB/s
[    5.596928] raid6: avx2x1   gen() 16594 MB/s
[    5.664528] raid6: avx2x2   gen() 23100 MB/s
[    5.733063] raid6: avx2x4   gen() 19620 MB/s
[    5.733846] raid6: using algorithm avx2x2 gen() 23100 MB/s
[    5.734832] raid6: using avx2x2 recovery algorithm
[    5.737101] xor: automatically using best checksumming function:
[    5.781049]    avx       : 14841.000 MB/sec
[    5.782589] async_tx: api initialized (async)
[    5.790494] md: raid6 personality registered for level 6
[    5.791405] md: raid5 personality registered for level 5
[    5.792289] md: raid4 personality registered for level 4
[    5.799286] md: raid10 personality registered for level 10
done.
Begin: Running /scripts/init-premount ... done.
Begin: Mounting root file system ... Begin: Running /scripts/local-top ... done.
Begin: Running /scripts/local-premount ... [    5.827202] Btrfs loaded
Scanning for Btrfs filesystems
done.
Warning: fsck not present, so skipping root file system
[    5.855989] EXT4-fs (sda1): INFO: recovery required on readonly filesystem
[    5.857208] EXT4-fs (sda1): write access will be enabled during recovery
[    5.972826] EXT4-fs (sda1): recovery complete
[    5.973835] EXT4-fs (sda1): mounted filesystem with ordered data mode. Opts: (null)
done.
Begin: Running /scripts/local-bottom ... done.
Begin: Running /scripts/init-bottom ... done.
[    6.275128] systemd[1]: systemd 229 running in system mode. (+PAM +AUDIT +SELINUX +IMA +APPARMOR +SMACK +SYSVINIT +UTMP +LIBCRYPTSETUP +GCRYPT +GNUTLS +ACL +XZ -LZ4 +SECCOMP +BLKID +ELFUTILS +KMOD -IDN)
[    6.278055] systemd[1]: Detected virtualization oracle.
[    6.278922] systemd[1]: Detected architecture x86-64.

Welcome to [1mUbuntu 16.04.7 LTS[0m!

[    6.284050] systemd[1]: Set hostname to <ubuntu-xenial>.
[    6.482858] random: nonblocking pool is initialized
[    6.538415] systemd[1]: Reached target Swap.
[[0;32m  OK  [0m] Reached target Swap.
[    6.539777] systemd[1]: Reached target User and Group Name Lookups.
[[0;32m  OK  [0m] Reached target User and Group Name Lookups.
[    6.541434] systemd[1]: Listening on Syslog Socket.
[[0;32m  OK  [0m] Listening on Syslog Socket.
[    6.542820] systemd[1]: Started Forward Password Requests to Wall Directory Watch.
[[0;32m  OK  [0m] Started Forward Password Requests to Wall Directory Watch.
[    6.544853] systemd[1]: Listening on /dev/initctl Compatibility Named Pipe.
[[0;32m  OK  [0m] Listening on /dev/initctl Compatibility Named Pipe.
[    6.546742] systemd[1]: Listening on udev Control Socket.
[[0;32m  OK  [0m] Listening on udev Control Socket.
[    6.548587] systemd[1]: Listening on LVM2 metadata daemon socket.
[[0;32m  OK  [0m] Listening on LVM2 metadata daemon socket.
[    6.550195] systemd[1]: Listening on udev Kernel Socket.
[[0;32m  OK  [0m] Listening on udev Kernel Socket.
[    6.551653] systemd[1]: Listening on Journal Socket.
[[0;32m  OK  [0m] Listening on Journal Socket.
[    6.553050] systemd[1]: Reached target Encrypted Volumes.
[[0;32m  OK  [0m] Reached target Encrypted Volumes.
[    6.554612] systemd[1]: Listening on Journal Audit Socket.
[[0;32m  OK  [0m] Listening on Journal Audit Socket.
[    6.556128] systemd[1]: Listening on Device-mapper event daemon FIFOs.
[[0;32m  OK  [0m] Listening on Device-mapper event daemon FIFOs.
[    6.557976] systemd[1]: Created slice System Slice.
[[0;32m  OK  [0m] Created slice System Slice.
[    6.572504] systemd[1]: Mounting POSIX Message Queue File System...
         Mounting POSIX Message Queue File System...
[    6.584606] systemd[1]: Starting Load Kernel Modules...
         Starting Load Kernel Modules...
[    6.586474] systemd[1]: Starting Nameserver information manager...
         Starting Nameserver information manager...
[    6.635052] systemd[1]: Starting Set console keymap...
         Starting Set console keymap...
[    6.637606] systemd[1]: Starting Monitoring of LVM2 mirrors, snapshots etc. using dmeventd or progress polling...
         Starting Monitoring of LVM2 mirrors... dmeventd or progress polling...
[    6.641283] systemd[1]: Mounting Debug File System...
         Mounting Debug File System...
[    6.642932] systemd[1]: Set up automount Arbitrary Executable File Formats File System Automount Point.
[[0;32m  OK  [0m] Set up automount Arbitrary Executab...ats File System Automount Point.
[    6.645493] systemd[1]: Listening on LVM2 poll daemon socket.
[[0;32m  OK  [0m] Listening on LVM2 poll daemon socket.
[    6.647424] systemd[1]: Reached target System Time Synchronized.
[[0;32m  OK  [0m] Reached target System Time Synchronized.
[    6.649313] systemd[1]: Listening on Journal Socket (/dev/log).
[[0;32m  OK  [0m] Listening on Journal Socket (/dev/log).[    6.651067] Loading iSCSI transport class v2.0-870.

[    6.653278] systemd[1]: Starting Journal Service...
         Starting Journal Service...
[    6.701334] systemd[1]: Mounting Huge Pages File System...
         Mounting Huge Pages File System...
[    6.703224] systemd[1]: Starting Uncomplicated firewall...
         Starting Uncomplicated firewall...
[    6.704881] systemd[1]: Created slice system-serial\x2dgetty.slice.
[[0;32m  OK  [0m] Created slice system-serial\x2dgetty.slice.
[    6.709398] iscsi: registered transport (tcp)
[    6.711124] systemd[1]: Starting Create list of required static device nodes for the current kernel...
         Starting Create list of required st... nodes for the current kernel...
[    6.714631] systemd[1]: Started Trigger resolvconf update for networkd DNS.
[[0;32m  OK  [0m] Started Trigger resolvconf update for networkd DNS.
[    6.757655] systemd[1]: Starting Remount Root and Kernel File Systems...
         Starting Remount Root and Kernel File Systems...
[    6.760109] systemd[1]: Created slice User and Session Slice.
[[0;32m  OK  [0m] Created slice User and Session Slice.
[    6.761704] systemd[1]: Reached target Slices.
[[0;32m  OK  [0m] Reached target Slices.
[    6.764574] systemd[1]: Mounted POSIX Message Queue File System.
[[0;32m  OK  [0m] Mounted POSIX Message Queue File System.
[    6.766319] systemd[1]: Mounted Huge Pages File System.
[[0;32m  OK  [0m] Mounted Huge Pages File System.
[    6.767816] systemd[1]: Mounted Debug File System.
[[0;32m  OK  [0m] Mounted Debug File System.
[    6.770096] systemd[1]: Started Uncomplicated firewall.
[[0;32m  OK  [0m] Started Uncomplicated firewall.
[    6.772101] systemd[1]: Started Create list of required static device nodes for the current kernel.
[[0;32m  OK  [0m] Started Create list of required sta...ce nodes for the current kernel.
[    6.776599] systemd[1]: Starting Create Static Device Nodes in /dev...
         Starting Create Static Device Nodes in /dev...
[    6.782889] systemd[1]: Started Nameserver information manager.
[[0;32m  OK  [0m] Started Nameserver information manager.
[    6.860810] systemd[1]: Started Set console keymap.
[[0;32m  OK  [0m] Started Set console keymap.
[    6.866197] systemd[1]: Started LVM2 metadata daemon.
[[0;32m  OK  [0m] Started LVM2 metadata daemon.
[    6.869449] EXT4-fs (sda1): re-mounted. Opts: (null)
[    6.871924] systemd[1]: Started Remount Root and Kernel File Systems.
[[0;32m  OK  [0m] Started Remount Root and Kernel File Systems.
[    6.940922] systemd[1]: Starting Load/Save Random Seed...
         Starting Load/Save Random Seed...
[    6.944407] iscsi: registered transport (iser)
[    6.946560] systemd[1]: Starting udev Coldplug all Devices...
         Starting udev Coldplug all Devices...
[    6.953865] systemd[1]: Started Journal Service.
[[0;32m  OK  [0m] Started Journal Service.
[[0;32m  OK  [0m] Started Load Kernel Modules.
[[0;32m  OK  [0m] Started Create Static Device Nodes in /dev.
[[0;32m  OK  [0m] Started Load/Save Random Seed.
         Starting udev Kernel Device Manager...
         Mounting FUSE Control File System...
         Starting Apply Kernel Variables...
         Starting Flush Journal to Persistent Storage...
[[0;32m  OK  [0m] Mounted FUSE Control File System.
[    7.032432] systemd-journald[390]: Received request to flush runtime journal from PID 1
[[0;32m  OK  [0m] Started Flush Journal to Persistent Storage.
[[0;32m  OK  [0m] Started Apply Kernel Variables.
[[0;32m  OK  [0m] Started udev Kernel Device Manager.
[[0;32m  OK  [0m] Started udev Coldplug all Devices.
[[0;32m  OK  [0m] Started Dispatch Password Requests to Console Directory Watch.
[[0;32m  OK  [0m] Started Monitoring of LVM2 mirrors,...ng dmeventd or progress polling.
[[0;32m  OK  [0m] Reached target Local File Systems (Pre).
[[0;32m  OK  [0m] Reached target Local File Systems.
         Starting Initial cloud-init job (pre-networking)...
         Starting Create Volatile Files and Directories...
         Starting Tell Plymouth To Write Out Runtime Data...
         Starting Set console font and keymap...
         Starting LSB: AppArmor initialization...
         Mounting /vagrant...
[[0;1;31mFAILED[0m] Failed to mount /vagrant.
See 'systemctl status vagrant.mount' for details.
[[0;32m  OK  [0m] Started Create Volatile Files and Directories.
[[0;32m  OK  [0m] Started Tell Plymouth To Write Out Runtime Data.
         Starting Update UTMP about System Boot/Shutdown...
[[0;32m  OK  [0m] Started Update UTMP about System Boot/Shutdown.
[[0;32m  OK  [0m] Started LSB: AppArmor initialization.
[[0;32m  OK  [0m] Found device /dev/ttyS0.
         Starting Load AppArmor profiles managed internally by snapd...
[[0;32m  OK  [0m] Started Load AppArmor profiles managed internally by snapd.
[[0;32m  OK  [0m] Found device 82540EM Gigabit Ethern...r (PRO/1000 MT Desktop Adapter).
[[0;32m  OK  [0m] Listening on Load/Save RF Kill Switch Status /dev/rfkill Watch.
[[0;32m  OK  [0m] Started Set console font and keymap.
[[0;32m  OK  [0m] Created slice system-getty.slice.
[    9.879341] cloud-init[473]: Cloud-init v. 20.4.1-0ubuntu1~16.04.1 running 'init-local' at Thu, 11 Mar 2021 09:06:35 +0000. Up 9.65 seconds.
[[0;32m  OK  [0m] Started Initial cloud-init job (pre-networking).
[[0;32m  OK  [0m] Reached target Network (Pre).
[[0;32m  OK  [0m] Started ifup for enp0s3.
         Starting Raise network interfaces...
[[0;32m  OK  [0m] Started Raise network interfaces.
[[0;32m  OK  [0m] Reached target Network.
         Starting Initial cloud-init job (metadata service crawler)...
[   10.722038] cloud-init[974]: Cloud-init v. 20.4.1-0ubuntu1~16.04.1 running 'init' at Thu, 11 Mar 2021 09:06:36 +0000. Up 10.37 seconds.
[   10.723441] cloud-init[974]: ci-info: +++++++++++++++++++++++++++++++++++++Net device info++++++++++++++++++++++++++++++++++++++
[   10.725082] cloud-init[974]: ci-info: +--------+------+---------------------------+---------------+--------+-------------------+
[   10.732639] cloud-init[974]: ci-info: | Device |  Up  |          Address          |      Mask     | Scope  |     Hw-Address    |
[   10.734883] cloud-init[974]: ci-info: +--------+------+---------------------------+---------------+--------+-------------------+
[   10.736634] cloud-init[974]: ci-info: | enp0s3 | True |         10.0.2.15         | 255.255.255.0 | global | 02:0f:4d:7a:2e:0f |
[   10.738358] cloud-init[974]: ci-info: | enp0s3 | True | fe80::f:4dff:fe7a:2e0f/64 |       .       |  link  | 02:0f:4d:7a:2e:0f |
[   10.740088] cloud-init[974]: ci-info: |   lo   | True |         127.0.0.1         |   255.0.0.0   |  host  |         .         |
[   10.741773] cloud-init[974]: ci-info: |   lo   | True |          ::1/128          |       .       |  host  |         .         |
[   10.743220] cloud-init[974]: ci-info: +--------+------+---------------------------+---------------+--------+-------------------+
[   10.744864] cloud-init[974]: ci-info: +++++++++++++++++++++++++++Route IPv4 info++++++++++++++++++++++++++++
[   10.746371] cloud-init[974]: ci-info: +-------+-------------+----------+---------------+-----------+-------+
[   10.747873] cloud-init[974]: ci-info: | Route | Destination | Gateway  |    Genmask    | Interface | Flags |
[   10.749287] cloud-init[974]: ci-info: +-------+-------------+----------+---------------+-----------+-------+
[   10.750872] cloud-init[974]: ci-info: |   0   |   0.0.0.0   | 10.0.2.2 |    0.0.0.0    |   enp0s3  |   UG  |
[   10.752559] cloud-init[974]: ci-info: |   1   |   10.0.2.0  | 0.0.0.0  | 255.255.255.0 |   enp0s3  |   U   |
[   10.754064] cloud-init[974]: ci-info: +-------+-------------+----------+---------------+-----------+-------+
[   10.755630] cloud-init[974]: ci-info: +++++++++++++++++++Route IPv6 info+++++++++++++++++++
[   10.756957] cloud-init[974]: ci-info: +-------+-------------+---------+-----------+-------+
[   10.758390] cloud-init[974]: ci-info: | Route | Destination | Gateway | Interface | Flags |
[   10.759763] cloud-init[974]: ci-info: +-------+-------------+---------+-----------+-------+
[   10.768338] [cloud-init[0;32m  OK  [0m[974]: ] ci-info: |   0   |  fe80::/64  |    ::   |   enp0s3  |   U   |Started Initial cloud-init job (metadata service crawler).

[[0;32m  OK  [0m] Reached target Network is Online.
[   10.770197] cloud-init[974]: ci-info: |   3   |   ff00::/8  |    ::   |   enp0s3  |   U   |
[   10.771248] cloud-init[974]: ci-info: +-------+-------------+---------+-----------+-------+
         Starting iSCSI initiator daemon (iscsid)...
[[0;32m  OK  [0m] Reached target System Initialization.
[[0;32m  OK  [0m] Listening on D-Bus System Message Bus Socket.
[[0;32m  OK  [0m] Started Daily Cleanup of Temporary Directories.
[[0;32m  OK  [0m] Listening on ACPID Listen Socket.
         Starting Socket activation for snappy daemon.
[[0;32m  OK  [0m] Started Daily apt download activities.
[[0;32m  OK  [0m] Started Daily apt upgrade and clean activities.
[[0;32m  OK  [0m] Started Message of the Day.
[[0;32m  OK  [0m] Reached target Timers.
[[0;32m  OK  [0m] Started ACPI Events Check.
[[0;32m  OK  [0m] Reached target Paths.
[[0;32m  OK  [0m] Listening on UUID daemon activation socket.
         Starting LXD - unix socket.
[[0;32m  OK  [0m] Reached target Cloud-config availability.
[[0;32m  OK  [0m] Listening on Socket activation for snappy daemon.
[[0;32m  OK  [0m] Listening on LXD - unix socket.
[[0;32m  OK  [0m] Reached target Sockets.
[[0;32m  OK  [0m] Reached target Basic System.
         Starting Login Service...
[[0;32m  OK  [0m] Started FUSE filesystem for LXC.
         Starting Message of the Day...
[[0;32m  OK  [0m] Started Deferred execution scheduler.
         Starting /etc/rc.local Compatibility...
         Starting Accounts Service...
         Starting LSB: Record successful boot for GRUB...
[[0;32m  OK  [0m] Started Regular background program processing daemon.
[[0;32m  OK  [0m] Started D-Bus System Message Bus.
         Starting LXD - container startup/shutdown...
         Starting Virtualbox guest utils...
         Starting OpenBSD Secure Shell server...
         Starting System Logging Service...
[[0;32m  OK  [0m] Started ACPI event daemon.
         Starting LSB: MD monitoring daemon...
         Starting Snap Daemon...
[[0;32m  OK  [0m] Started iSCSI initiator daemon (iscsid).
[[0;32m  OK  [0m] Started Message of the Day.
[[0;32m  OK  [0m] Started /etc/rc.local Compatibility.
[[0;32m  OK  [0m] Started Login Service.
[[0;32m  OK  [0m] Started Unattended Upgrades Shutdown.
         Starting Authenticate and Authorize Users to Run Privileged Tasks...
         Starting Login to default iSCSI targets...
[[0;32m  OK  [0m] Started LSB: Record successful boot for GRUB.
[[0;32m  OK  [0m] Started System Logging Service.
[[0;32m  OK  [0m] Started LSB: MD monitoring daemon.
[[0;32m  OK  [0m] Started Login to default iSCSI targets.
[[0;32m  OK  [0m] Reached target Remote File Systems (Pre).
[[0;32m  OK  [0m] Reached target Remote File Systems.
         Starting LSB: Set the CPU Frequency Scaling governor to "ondemand"...
         Starting LSB: automatic crash report generation...
         Starting LSB: daemon to balance interrupts for SMP systems...
         Starting Permit User Sessions...
[[0;32m  OK  [0m] Started Permit User Sessions.
         Starting Terminate Plymouth Boot Screen...
         Starting Hold until boot process finishes up...
[[0;32m  OK  [0m] Started Terminate Plymouth Boot Screen.
[[0;32m  OK  [0m] Started Hold until boot process finishes up.
[[0;32m  OK  [0m] Started Authenticate and Authorize Users to Run Privileged Tasks.
[[0;32m  OK  [0m] Started Accounts Service.
[[0;32m  OK  [0m] Started Getty on tty1.
         Starting Set console scheme...
[[0;32m  OK  [0m] Started Serial Getty on ttyS0.
[[0;32m  OK  [0m] Reached target Login Prompts.
[[0;32m  OK  [0m] Started Set console scheme.
[[0;32m  OK  [0m] Started LSB: Set the CPU Frequency Scaling governor to "ondemand".
[[0;32m  OK  [0m] Started OpenBSD Secure Shell server.
[[0;32m  OK  [0m] Started Virtualbox guest utils.
[[0;32m  OK  [0m] Started LSB: automatic crash report generation.
[[0;32m  OK  [0m] Started LSB: daemon to balance interrupts for SMP systems.
[[0;32m  OK  [0m] Started LXD - container startup/shutdown.
[[0;32m  OK  [0m] Created slice User Slice of vagrant.
         Starting User Manager for UID 1000...
[[0;32m  OK  [0m] Started Session 1 of user vagrant.
[[0;32m  OK  [0m] Started User Manager for UID 1000.
[[0;32m  OK  [0m] Started Snap Daemon.
         Starting Wait until snapd is fully seeded...
[[0;32m  OK  [0m] Started Wait until snapd is fully seeded.
         Starting Apply the settings specified in cloud-config...
[[0;32m  OK  [0m] Reached target Multi-User System.
[[0;32m  OK  [0m] Reached target Graphical Interface.
         Starting Update UTMP about System Runlevel Changes...
[[0;32m  OK  [0m] Started Update UTMP about System Runlevel Changes.
[   13.710248] cloud-init[1244]: Cloud-init v. 20.4.1-0ubuntu1~16.04.1 running 'modules:config' at Thu, 11 Mar 2021 09:06:39 +0000. Up 13.59 seconds.
[[0;32m  OK  [0m] Started Apply the settings specified in cloud-config.
         Starting Execute cloud user/final scripts...
[   14.241511] cloud-init[1306]: Cloud-init v. 20.4.1-0ubuntu1~16.04.1 running 'modules:final' at Thu, 11 Mar 2021 09:06:39 +0000. Up 14.10 seconds.
[   14.243358] cloud-init[1306]: Cloud-init v. 20.4.1-0ubuntu1~16.04.1 finished at Thu, 11 Mar 2021 09:06:40 +0000. Datasource DataSourceNoCloud [seed=/dev/sdb][dsmode=net].  Up 14.23 seconds
[[0;32m  OK  [0m] Started Execute cloud user/final scripts.
         Starting Daily apt download activities...
[[0;32m  OK  [0m] Reached target Cloud-init target.

Ubuntu 16.04.7 LTS ubuntu-xenial ttyS0

ubuntu-xenial login: 