[    0.000000] Initializing cgroup subsys cpuset
[    0.000000] Initializing cgroup subsys cpu
[    0.000000] Initializing cgroup subsys cpuacct
[    0.000000] Linux version 4.4.0-203-generic (buildd@lcy01-amd64-027) (gcc version 5.4.0 20160609 (Ubuntu 5.4.0-6ubuntu1~16.04.12) ) #235-Ubuntu SMP Tue Feb 2 02:49:08 UTC 2021 (Ubuntu 4.4.0-203.235-generic 4.4.249)
[    0.000000] Command line: BOOT_IMAGE=/boot/vmlinuz-4.4.0-203-generic root=UUID=f2f23586-2622-43ee-8d74-a9a6f5f6f861 ro console=tty1 console=ttyS0
[    0.000000] KERNEL supported cpus:
[    0.000000]   Intel GenuineIntel
[    0.000000]   AMD AuthenticAMD
[    0.000000]   Centaur CentaurHauls
[    0.000000] [Firmware Bug]: TSC doesn't count with P0 frequency!
[    0.000000] x86/fpu: xstate_offset[2]:  576, xstate_sizes[2]:  256
[    0.000000] x86/fpu: Supporting XSAVE feature 0x01: 'x87 floating point registers'
[    0.000000] x86/fpu: Supporting XSAVE feature 0x02: 'SSE registers'
[    0.000000] x86/fpu: Supporting XSAVE feature 0x04: 'AVX registers'
[    0.000000] x86/fpu: Enabled xstate features 0x7, context size is 832 bytes, using 'standard' format.
[    0.000000] e820: BIOS-provided physical RAM map:
[    0.000000] BIOS-e820: [mem 0x0000000000000000-0x000000000009fbff] usable
[    0.000000] BIOS-e820: [mem 0x000000000009fc00-0x000000000009ffff] reserved
[    0.000000] BIOS-e820: [mem 0x00000000000f0000-0x00000000000fffff] reserved
[    0.000000] BIOS-e820: [mem 0x0000000000100000-0x000000003ffeffff] usable
[    0.000000] BIOS-e820: [mem 0x000000003fff0000-0x000000003fffffff] ACPI data
[    0.000000] BIOS-e820: [mem 0x00000000fec00000-0x00000000fec00fff] reserved
[    0.000000] BIOS-e820: [mem 0x00000000fee00000-0x00000000fee00fff] reserved
[    0.000000] BIOS-e820: [mem 0x00000000fffc0000-0x00000000ffffffff] reserved
[    0.000000] NX (Execute Disable) protection: active
[    0.000000] SMBIOS 2.5 present.
[    0.000000] Hypervisor detected: KVM
[    0.000000] Kernel/User page tables isolation: disabled
[    0.000000] e820: last_pfn = 0x3fff0 max_arch_pfn = 0x400000000
[    0.000000] MTRR: Disabled
[    0.000000] x86/PAT: MTRRs disabled, skipping PAT initialization too.
[    0.000000] CPU MTRRs all blank - virtualized system.
[    0.000000] x86/PAT: Configuration [0-7]: WB  WT  UC- UC  WB  WT  UC- UC  
[    0.000000] found SMP MP-table at [mem 0x0009fff0-0x0009ffff] mapped at [ffff88000009fff0]
[    0.000000] Scanning 1 areas for low memory corruption
[    0.000000] RAMDISK: [mem 0x361ca000-0x370dcfff]
[    0.000000] ACPI: Early table checksum verification disabled
[    0.000000] ACPI: RSDP 0x00000000000E0000 000024 (v02 VBOX  )
[    0.000000] ACPI: XSDT 0x000000003FFF0030 00003C (v01 VBOX   VBOXXSDT 00000001 ASL  00000061)
[    0.000000] ACPI: FACP 0x000000003FFF00F0 0000F4 (v04 VBOX   VBOXFACP 00000001 ASL  00000061)
[    0.000000] ACPI: DSDT 0x000000003FFF0470 002325 (v02 VBOX   VBOXBIOS 00000002 INTL 20100528)
[    0.000000] ACPI: FACS 0x000000003FFF0200 000040
[    0.000000] ACPI: FACS 0x000000003FFF0200 000040
[    0.000000] ACPI: APIC 0x000000003FFF0240 00005C (v02 VBOX   VBOXAPIC 00000001 ASL  00000061)
[    0.000000] ACPI: SSDT 0x000000003FFF02A0 0001CC (v01 VBOX   VBOXCPUT 00000002 INTL 20100528)
[    0.000000] No NUMA configuration found
[    0.000000] Faking a node at [mem 0x0000000000000000-0x000000003ffeffff]
[    0.000000] NODE_DATA(0) allocated [mem 0x3ffeb000-0x3ffeffff]
[    0.000000] kvm-clock: Using msrs 4b564d01 and 4b564d00
[    0.000000] kvm-clock: cpu 0, msr 0:3ffe3001, primary cpu clock
[    0.000000] kvm-clock: using sched offset of 4140354639 cycles
[    0.000000] clocksource: kvm-clock: mask: 0xffffffffffffffff max_cycles: 0x1cd42e4dffb, max_idle_ns: 881590591483 ns
[    0.000000] Zone ranges:
[    0.000000]   DMA      [mem 0x0000000000001000-0x0000000000ffffff]
[    0.000000]   DMA32    [mem 0x0000000001000000-0x000000003ffeffff]
[    0.000000]   Normal   empty
[    0.000000]   Device   empty
[    0.000000] Movable zone start for each node
[    0.000000] Early memory node ranges
[    0.000000]   node   0: [mem 0x0000000000001000-0x000000000009efff]
[    0.000000]   node   0: [mem 0x0000000000100000-0x000000003ffeffff]
[    0.000000] Initmem setup node 0 [mem 0x0000000000001000-0x000000003ffeffff]
[    0.000000] ACPI: PM-Timer IO Port: 0x4008
[    0.000000] IOAPIC[0]: apic_id 2, version 32, address 0xfec00000, GSI 0-23
[    0.000000] ACPI: INT_SRC_OVR (bus 0 bus_irq 0 global_irq 2 dfl dfl)
[    0.000000] ACPI: INT_SRC_OVR (bus 0 bus_irq 9 global_irq 9 low level)
[    0.000000] Using ACPI (MADT) for SMP configuration information
[    0.000000] smpboot: Allowing 2 CPUs, 0 hotplug CPUs
[    0.000000] PM: Registered nosave memory: [mem 0x00000000-0x00000fff]
[    0.000000] PM: Registered nosave memory: [mem 0x0009f000-0x0009ffff]
[    0.000000] PM: Registered nosave memory: [mem 0x000a0000-0x000effff]
[    0.000000] PM: Registered nosave memory: [mem 0x000f0000-0x000fffff]
[    0.000000] e820: [mem 0x40000000-0xfebfffff] available for PCI devices
[    0.000000] Booting paravirtualized kernel on KVM
[    0.000000] clocksource: refined-jiffies: mask: 0xffffffff max_cycles: 0xffffffff, max_idle_ns: 7645519600211568 ns
[    0.000000] setup_percpu: NR_CPUS:512 nr_cpumask_bits:512 nr_cpu_ids:2 nr_node_ids:1
[    0.000000] PERCPU: Embedded 33 pages/cpu @ffff88003fc00000 s95640 r8192 d31336 u1048576
[    0.000000] Built 1 zonelists in Node order, mobility grouping on.  Total pages: 257912
[    0.000000] Policy zone: DMA32
[    0.000000] Kernel command line: BOOT_IMAGE=/boot/vmlinuz-4.4.0-203-generic root=UUID=f2f23586-2622-43ee-8d74-a9a6f5f6f861 ro console=tty1 console=ttyS0
[    0.000000] PID hash table entries: 4096 (order: 3, 32768 bytes)
[    0.000000] Memory: 997104K/1048120K available (8641K kernel code, 1337K rwdata, 4044K rodata, 1496K init, 1296K bss, 51016K reserved, 0K cma-reserved)
[    0.000000] SLUB: HWalign=64, Order=0-3, MinObjects=0, CPUs=2, Nodes=1
[    0.000000] Hierarchical RCU implementation.
[    0.000000] 	Build-time adjustment of leaf fanout to 64.
[    0.000000] 	RCU restricting CPUs from NR_CPUS=512 to nr_cpu_ids=2.
[    0.000000] RCU: Adjusting geometry for rcu_fanout_leaf=64, nr_cpu_ids=2
[    0.000000] NR_IRQS:33024 nr_irqs:440 16
[    0.000000] Console: colour VGA+ 80x25
[    0.000000] console [tty1] enabled
[    0.000000] console [ttyS0] enabled
[    0.000000] tsc: Detected 3593.230 MHz processor
[    0.331326] Calibrating delay loop (skipped) preset value.. 7186.46 BogoMIPS (lpj=14372920)
[    0.332943] pid_max: default: 32768 minimum: 301
[    0.333813] ACPI: Core revision 20150930
[    0.335533] ACPI: 2 ACPI AML tables successfully acquired and loaded
[    0.336788] Security Framework initialized
[    0.337582] Yama: becoming mindful.
[    0.338300] AppArmor: AppArmor initialized
[    0.339154] Dentry cache hash table entries: 131072 (order: 8, 1048576 bytes)
[    0.340510] Inode-cache hash table entries: 65536 (order: 7, 524288 bytes)
[    0.364961] Mount-cache hash table entries: 2048 (order: 2, 16384 bytes)
[    0.365923] Mountpoint-cache hash table entries: 2048 (order: 2, 16384 bytes)
[    0.367014] Initializing cgroup subsys io
[    0.367735] Initializing cgroup subsys memory
[    0.368426] Initializing cgroup subsys devices
[    0.369102] Initializing cgroup subsys freezer
[    0.370006] Initializing cgroup subsys net_cls
[    0.370860] Initializing cgroup subsys perf_event
[    0.371609] Initializing cgroup subsys net_prio
[    0.372308] Initializing cgroup subsys hugetlb
[    0.372979] Initializing cgroup subsys pids
[    0.492310] mce: CPU supports 0 MCE banks
[    0.493004] Last level iTLB entries: 4KB 1024, 2MB 1024, 4MB 512
[    0.493960] Last level dTLB entries: 4KB 1536, 2MB 1536, 4MB 768, 1GB 0
[    0.495382] Spectre V1 : Mitigation: usercopy/swapgs barriers and __user pointer sanitization
[    0.497382] Spectre V2 : Spectre mitigation: LFENCE not serializing, switching to generic retpoline
[    0.499321] Spectre V2 : Mitigation: Full generic retpoline
[    0.500376] Spectre V2 : Spectre v2 / SpectreRSB mitigation: Filling RSB on context switch
[    0.501992] Speculative Store Bypass: Mitigation: Speculative Store Bypass disabled via prctl and seccomp
[    0.505688] Freeing SMP alternatives memory: 36K
[    0.511461] ftrace: allocating 32366 entries in 127 pages
[    0.576170] smpboot: APIC(0) Converting physical 0 to logical package 0
[    0.577106] smpboot: Max logical packages: 1
[    0.577959] x2apic enabled
[    0.578659] Switched APIC routing to physical x2apic.
[    0.580460] ..TIMER: vector=0x30 apic1=0 pin1=2 apic2=-1 pin2=-1
[    0.689399] APIC calibration not consistent with PM-Timer: 110ms instead of 100ms
[    0.690585] APIC delta adjusted to PM-Timer: 6424721 (7082550)
[    0.691617] smpboot: CPU0: AMD Ryzen 5 2400G with Radeon Vega Graphics (family: 0x17, model: 0x11, stepping: 0x0)
[    0.693242] Performance Events: Broken PMU hardware detected, using software events only.
[    0.694543] Failed to access perfctr msr (MSR c0010007 is 0)
[    0.701043] KVM setup paravirtual spinlock
[    0.704116] x86: Booting SMP configuration:
[    0.705754] .... node  #0, CPUs:      #1
[    0.706595] kvm-clock: cpu 1, msr 0:3ffe3041, secondary cpu clock
[    0.816633] mce: CPU supports 0 MCE banks
[    0.819156] x86: Booted up 1 node, 2 CPUs
[    0.820084] smpboot: Total of 2 processors activated (14372.92 BogoMIPS)
[    0.821479] devtmpfs: initialized
[    0.824827] evm: security.selinux
[    0.825518] evm: security.SMACK64
[    0.826224] evm: security.SMACK64EXEC
[    0.827031] evm: security.SMACK64TRANSMUTE
[    0.827836] evm: security.SMACK64MMAP
[    0.828556] evm: security.ima
[    0.829189] evm: security.capability
[    0.830100] clocksource: jiffies: mask: 0xffffffff max_cycles: 0xffffffff, max_idle_ns: 7645041785100000 ns
[    0.831862] futex hash table entries: 512 (order: 3, 32768 bytes)
[    0.833014] pinctrl core: initialized pinctrl subsystem
[    0.834042] RTC time:  6:51:31, date: 03/09/21
[    0.863289] NET: Registered protocol family 16
[    0.883627] cpuidle: using governor ladder
[    0.895406] cpuidle: using governor menu
[    0.896367] PCCT header not found.
[    0.898036] ACPI: bus type PCI registered
[    0.898972] acpiphp: ACPI Hot Plug PCI Controller Driver version: 0.5
[    0.900412] PCI: Using configuration type 1 for base access
[    0.901627] PCI: Using configuration type 1 for extended access
[    0.909907] ACPI: Added _OSI(Module Device)
[    0.910656] ACPI: Added _OSI(Processor Device)
[    0.911470] ACPI: Added _OSI(3.0 _SCP Extensions)
[    0.912235] ACPI: Added _OSI(Processor Aggregator Device)
[    0.913532] ACPI: Executed 1 blocks of module-level executable AML code
[    0.916123] ACPI: Interpreter enabled
[    0.916744] ACPI: (supports S0 S5)
[    0.917321] ACPI: Using IOAPIC for interrupt routing
[    0.918180] PCI: Using host bridge windows from ACPI; if necessary, use "pci=nocrs" and report a bug
[    0.924380] ACPI: PCI Root Bridge [PCI0] (domain 0000 [bus 00-ff])
[    0.931167] acpi PNP0A03:00: _OSC: OS supports [ExtendedConfig ASPM ClockPM Segments MSI]
[    0.940242] acpi PNP0A03:00: _OSC: platform does not support [PCIeCapability]
[    0.941616] acpi PNP0A03:00: _OSC: not requesting control; platform does not support [PCIeCapability]
[    0.948887] acpi PNP0A03:00: _OSC: OS requested [PCIeHotplug PME AER PCIeCapability]
[    0.951867] acpi PNP0A03:00: _OSC: platform willing to grant [PCIeHotplug PME AER]
[    0.969309] acpi PNP0A03:00: _OSC failed (AE_SUPPORT); disabling ASPM
[    0.970643] PCI host bridge to bus 0000:00
[    0.971284] pci_bus 0000:00: root bus resource [io  0x0000-0x0cf7 window]
[    0.972168] pci_bus 0000:00: root bus resource [io  0x0d00-0xffff window]
[    0.973035] pci_bus 0000:00: root bus resource [mem 0x000a0000-0x000bffff window]
[    0.974136] pci_bus 0000:00: root bus resource [mem 0x40000000-0xfdffffff window]
[    0.978656] pci_bus 0000:00: root bus resource [bus 00-ff]
[    0.984305] pci 0000:00:01.1: legacy IDE quirk: reg 0x10: [io  0x01f0-0x01f7]
[    0.992777] pci 0000:00:01.1: legacy IDE quirk: reg 0x14: [io  0x03f6]
[    0.995339] pci 0000:00:01.1: legacy IDE quirk: reg 0x18: [io  0x0170-0x0177]
[    0.998075] pci 0000:00:01.1: legacy IDE quirk: reg 0x1c: [io  0x0376]
[    1.014674] pci 0000:00:07.0: quirk: [io  0x4000-0x403f] claimed by PIIX4 ACPI
[    1.015810] pci 0000:00:07.0: quirk: [io  0x4100-0x410f] claimed by PIIX4 SMB
[    1.022492] ACPI: PCI Interrupt Link [LNKA] (IRQs 5 9 10 *11)
[    1.025639] ACPI: PCI Interrupt Link [LNKB] (IRQs 5 9 *10 11)
[    1.028712] ACPI: PCI Interrupt Link [LNKC] (IRQs 5 *9 10 11)
[    1.032050] ACPI: PCI Interrupt Link [LNKD] (IRQs 5 9 10 *11)
[    1.035093] ACPI: Enabled 2 GPEs in block 00 to 07
[    1.037377] vgaarb: setting as boot device: PCI:0000:00:02.0
[    1.038173] vgaarb: device added: PCI:0000:00:02.0,decodes=io+mem,owns=io+mem,locks=none
[    1.039336] vgaarb: loaded
[    1.039804] vgaarb: bridge control possible 0000:00:02.0
[    1.040695] SCSI subsystem initialized
[    1.041363] ACPI: bus type USB registered
[    1.041975] usbcore: registered new interface driver usbfs
[    1.042732] usbcore: registered new interface driver hub
[    1.043480] usbcore: registered new device driver usb
[    1.049267] PCI: Using ACPI for IRQ routing
[    1.050087] NetLabel: Initializing
[    1.050629] NetLabel:  domain hash size = 128
[    1.051292] NetLabel:  protocols = UNLABELED CIPSOv4
[    1.052069] NetLabel:  unlabeled traffic allowed by default
[    1.052964] amd_nb: Cannot enumerate AMD northbridges
[    1.053849] clocksource: Switched to clocksource kvm-clock
[    1.124320] AppArmor: AppArmor Filesystem Enabled
[    1.125150] pnp: PnP ACPI init
[    1.126366] pnp: PnP ACPI: found 3 devices
[    1.136330] clocksource: acpi_pm: mask: 0xffffff max_cycles: 0xffffff, max_idle_ns: 2085701024 ns
[    1.139642] NET: Registered protocol family 2
[    1.141894] TCP established hash table entries: 8192 (order: 4, 65536 bytes)
[    1.143703] TCP bind hash table entries: 8192 (order: 5, 131072 bytes)
[    1.144546] TCP: Hash tables configured (established 8192 bind 8192)
[    1.145370] UDP hash table entries: 512 (order: 2, 16384 bytes)
[    1.146141] UDP-Lite hash table entries: 512 (order: 2, 16384 bytes)
[    1.147016] NET: Registered protocol family 1
[    1.147648] pci 0000:00:00.0: Limiting direct PCI/PCI transfers
[    1.148433] pci 0000:00:01.0: Activating ISA DMA hang workarounds
[    1.174093] Unpacking initramfs...
[    2.089353] Freeing initrd memory: 15436K
[    2.091334] clocksource: tsc: mask: 0xffffffffffffffff max_cycles: 0x33cb5887408, max_idle_ns: 440795389429 ns
[    2.095207] platform rtc_cmos: registered platform RTC device (no PNP device found)
[    2.098180] Scanning for low memory corruption every 60 seconds
[    2.101171] audit: initializing netlink subsys (disabled)
[    2.102564] audit: type=2000 audit(1615272698.834:1): initialized
[    2.103594] Initialise system trusted keyring
[    2.104472] HugeTLB registered 2 MB page size, pre-allocated 0 pages
[    2.106172] zbud: loaded
[    2.107097] VFS: Disk quotas dquot_6.6.0
[    2.107914] VFS: Dquot-cache hash table entries: 512 (order 0, 4096 bytes)
[    2.109087] squashfs: version 4.0 (2009/01/31) Phillip Lougher
[    2.110175] fuse init (API version 7.23)
[    2.111097] Key type big_key registered
[    2.111888] Allocating IMA MOK and blacklist keyrings.
[    2.113795] Key type asymmetric registered
[    2.114672] Asymmetric key parser 'x509' registered
[    2.115641] Block layer SCSI generic (bsg) driver version 0.4 loaded (major 249)
[    2.117081] io scheduler noop registered
[    2.117811] io scheduler deadline registered (default)
[    2.118741] io scheduler cfq registered
[    2.119558] pci_hotplug: PCI Hot Plug PCI Core version: 0.5
[    2.120534] pciehp: PCI Express Hot Plug Controller Driver version: 0.4
[    2.122811] ACPI: AC Adapter [AC] (on-line)
[    2.124552] input: Power Button as /devices/LNXSYSTM:00/LNXPWRBN:00/input/input0
[    2.127325] ACPI: Power Button [PWRF]
[    2.128874] input: Sleep Button as /devices/LNXSYSTM:00/LNXSLPBN:00/input/input1
[    2.131795] ACPI: Sleep Button [SLPF]
[    2.133699] GHES: HEST is not enabled!
[    2.135359] Serial: 8250/16550 driver, 32 ports, IRQ sharing enabled
[    2.159000] 00:02: ttyS0 at I/O 0x3f8 (irq = 4, base_baud = 115200) is a 16550A
[    2.165644] Linux agpgart interface v0.103
[    2.170210] loop: module loaded
[    2.173128] scsi host0: ata_piix
[    2.174721] scsi host1: ata_piix
[    2.176185] ata1: PATA max UDMA/33 cmd 0x1f0 ctl 0x3f6 bmdma 0xd000 irq 14
[    2.178590] ata2: PATA max UDMA/33 cmd 0x170 ctl 0x376 bmdma 0xd008 irq 15
[    2.181181] libphy: Fixed MDIO Bus: probed
[    2.182990] tun: Universal TUN/TAP device driver, 1.6
[    2.184912] tun: (C) 1999-2004 Max Krasnyansky <maxk@qualcomm.com>
[    2.187336] PPP generic driver version 2.4.2
[    2.189672] ehci_hcd: USB 2.0 'Enhanced' Host Controller (EHCI) Driver
[    2.192105] ehci-pci: EHCI PCI platform driver
[    2.192878] ehci-platform: EHCI generic platform driver
[    2.193641] ohci_hcd: USB 1.1 'Open' Host Controller (OHCI) Driver
[    2.194509] ohci-pci: OHCI PCI platform driver
[    2.195235] ohci-platform: OHCI generic platform driver
[    2.196096] uhci_hcd: USB Universal Host Controller Interface driver
[    2.197092] i8042: PNP: PS/2 Controller [PNP0303:PS2K,PNP0f03:PS2M] at 0x60,0x64 irq 1,12
[    2.198751] serio: i8042 KBD port at 0x60,0x64 irq 1
[    2.199492] serio: i8042 AUX port at 0x60,0x64 irq 12
[    2.200464] mousedev: PS/2 mouse device common for all mice
[    2.202259] input: AT Translated Set 2 keyboard as /devices/platform/i8042/serio0/input/input2
[    2.205053] rtc_cmos rtc_cmos: rtc core: registered rtc_cmos as rtc0
[    2.206143] rtc_cmos rtc_cmos: alarms up to one day, 114 bytes nvram
[    2.207078] i2c /dev entries driver
[    2.207677] device-mapper: uevent: version 1.0.3
[    2.208504] device-mapper: ioctl: 4.34.0-ioctl (2015-10-28) initialised: dm-devel@redhat.com
[    2.210585] ledtrig-cpu: registered to indicate activity on CPUs
[    2.212667] NET: Registered protocol family 10
[    2.213713] NET: Registered protocol family 17
[    2.214617] Key type dns_resolver registered
[    2.215664] registered taskstats version 1
[    2.216338] Loading compiled-in X.509 certificates
[    2.217609] Loaded X.509 cert 'Build time autogenerated kernel key: c0f1dd89d7e09a1955be4fde7c6f946674683c10'
[    2.219037] zswap: loaded using pool lzo/zbud
[    2.222234] Key type trusted registered
[    2.225674] Key type encrypted registered
[    2.226444] AppArmor: AppArmor sha1 policy hashing enabled
[    2.227484] ima: No TPM chip found, activating TPM-bypass!
[    2.228679] ima: Allocated hash algorithm: sha1
[    2.229502] evm: HMAC attrs: 0x1
[    2.230445]   Magic number: 13:629:872
[    2.231285] rtc_cmos rtc_cmos: setting system clock to 2021-03-09 06:51:33 UTC (1615272693)
[    2.232835] BIOS EDD facility v0.16 2004-Jun-25, 0 devices found
[    2.233819] EDD information not available.
[    2.363229] Freeing unused kernel memory: 1496K
[    2.371989] Write protecting the kernel read-only data: 14336k
[    2.382205] Freeing unused kernel memory: 1588K
[    2.383408] Freeing unused kernel memory: 52K
Loading, please wait...
starting version 229
[    2.398037] random: systemd-udevd: uninitialized urandom read (16 bytes read, 5 bits of entropy available)
[    2.398048] random: udevadm: uninitialized urandom read (16 bytes read, 5 bits of entropy available)
[    2.398170] random: udevadm: uninitialized urandom read (16 bytes read, 5 bits of entropy available)
[    2.404897] random: udevadm: uninitialized urandom read (16 bytes read, 5 bits of entropy available)
[    2.405006] random: udevadm: uninitialized urandom read (16 bytes read, 5 bits of entropy available)
[    2.405173] random: udevadm: uninitialized urandom read (16 bytes read, 5 bits of entropy available)
[    2.405288] random: udevadm: uninitialized urandom read (16 bytes read, 5 bits of entropy available)
[    2.405400] random: udevadm: uninitialized urandom read (16 bytes read, 5 bits of entropy available)
[    2.405531] random: udevadm: uninitialized urandom read (16 bytes read, 5 bits of entropy available)
[    2.405645] random: udevadm: uninitialized urandom read (16 bytes read, 5 bits of entropy available)
[    2.559597] e1000: Intel(R) PRO/1000 Network Driver - version 7.3.21-k8-NAPI
[    2.560800] e1000: Copyright (c) 1999-2006 Intel Corporation.
[    2.562118] Fusion MPT base driver 3.04.20
[    2.562842] Copyright (c) 1999-2008 LSI Corporation
[    2.566487] Fusion MPT SPI Host driver 3.04.20
[    2.623757] AVX2 version of gcm_enc/dec engaged.
[    2.624729] AES CTR mode by8 optimization enabled
[    2.781235] input: ImExPS/2 Generic Explorer Mouse as /devices/platform/i8042/serio1/input/input4
[    3.105824] e1000 0000:00:03.0 eth0: (PCI:33MHz:32-bit) 02:0f:4d:7a:2e:0f
[    3.108361] e1000 0000:00:03.0 eth0: Intel(R) PRO/1000 Network Connection
[    3.112283] mptbase: ioc0: Initiating bringup
[    3.115265] e1000 0000:00:03.0 enp0s3: renamed from eth0
[    3.554873] ioc0: LSI53C1030 A0: Capabilities={Initiator}
[    5.250215] scsi host2: ioc0: LSI53C1030 A0, FwRev=00000000h, Ports=1, MaxQ=256, IRQ=20
[    6.800044] scsi 2:0:0:0: Direct-Access     VBOX     HARDDISK         1.0  PQ: 0 ANSI: 5
[    6.803225] scsi target2:0:0: Beginning Domain Validation
[    6.809289] scsi target2:0:0: Domain Validation skipping write tests
[    6.811526] scsi target2:0:0: Ending Domain Validation
[    6.813618] scsi target2:0:0: asynchronous
[    6.816499] scsi 2:0:1:0: Direct-Access     VBOX     HARDDISK         1.0  PQ: 0 ANSI: 5
[    6.819518] scsi target2:0:1: Beginning Domain Validation
[    6.823421] scsi target2:0:1: Domain Validation skipping write tests
[    6.825523] scsi target2:0:1: Ending Domain Validation
[    6.827413] scsi target2:0:1: asynchronous
[    6.838016] sd 2:0:0:0: Attached scsi generic sg0 type 0
[    6.839986] sd 2:0:0:0: [sda] 83886080 512-byte logical blocks: (42.9 GB/40.0 GiB)
[    6.840155] sd 2:0:1:0: Attached scsi generic sg1 type 0
[    6.840394] sd 2:0:1:0: [sdb] 20480 512-byte logical blocks: (10.5 MB/10.0 MiB)
[    6.840563] sd 2:0:1:0: [sdb] Write Protect is off
[    6.840676] sd 2:0:1:0: [sdb] Incomplete mode parameter data
[    6.840678] sd 2:0:1:0: [sdb] Assuming drive cache: write through
[    6.843939] sd 2:0:1:0: [sdb] Attached SCSI disk
[    6.875995] sd 2:0:0:0: [sda] Write Protect is off
[    6.876807] sd 2:0:0:0: [sda] Incomplete mode parameter data
[    6.877558] sd 2:0:0:0: [sda] Assuming drive cache: write through
[    6.879648]  sda: sda1
[    6.880851] sd 2:0:0:0: [sda] Attached SCSI disk
Begin: Loading essential drivers ... [    8.415060] md: linear personality registered for level -1
[    8.420721] md: multipath personality registered for level -4
[    8.426749] md: raid0 personality registered for level 0
[    8.435516] md: raid1 personality registered for level 1
[    8.511514] raid6: sse2x1   gen()  7337 MB/s
[    8.578115] raid6: sse2x1   xor()  7960 MB/s
[    8.646404] raid6: sse2x2   gen() 16675 MB/s
[    8.714408] raid6: sse2x2   xor() 10287 MB/s
[    8.782032] raid6: sse2x4   gen() 17097 MB/s
[    8.850658] raid6: sse2x4   xor()  9764 MB/s
[    8.919542] raid6: avx2x1   gen() 18518 MB/s
[    8.986610] raid6: avx2x2   gen() 21228 MB/s
[    9.070049] raid6: avx2x4   gen() 16313 MB/s
[    9.080091] raid6: using algorithm avx2x2 gen() 21228 MB/s
[    9.080901] raid6: using avx2x2 recovery algorithm
[    9.082599] xor: automatically using best checksumming function:
[    9.123485]    avx       : 14857.000 MB/sec
[    9.125048] async_tx: api initialized (async)
[    9.148081] md: raid6 personality registered for level 6
[    9.148888] md: raid5 personality registered for level 5
[    9.149658] md: raid4 personality registered for level 4
[    9.157615] md: raid10 personality registered for level 10
done.
Begin: Running /scripts/init-premount ... done.
Begin: Mounting root file system ... Begin: Running /scripts/local-top ... done.
Begin: Running /scripts/local-premount ... [    9.205547] Btrfs loaded
Scanning for Btrfs filesystems
done.
Warning: fsck not present, so skipping root file system
[    9.236089] EXT4-fs (sda1): INFO: recovery required on readonly filesystem
[    9.237168] EXT4-fs (sda1): write access will be enabled during recovery
[    9.254344] EXT4-fs (sda1): orphan cleanup on readonly fs
[    9.255595] EXT4-fs (sda1): 1 orphan inode deleted
[    9.257387] EXT4-fs (sda1): recovery complete
[    9.259708] EXT4-fs (sda1): mounted filesystem with ordered data mode. Opts: (null)
done.
Begin: Running /scripts/local-bottom ... done.
Begin: Running /scripts/init-bottom ... done.
[    9.438643] systemd[1]: systemd 229 running in system mode. (+PAM +AUDIT +SELINUX +IMA +APPARMOR +SMACK +SYSVINIT +UTMP +LIBCRYPTSETUP +GCRYPT +GNUTLS +ACL +XZ -LZ4 +SECCOMP +BLKID +ELFUTILS +KMOD -IDN)
[    9.445358] systemd[1]: Detected virtualization oracle.
[    9.455077] systemd[1]: Detected architecture x86-64.

Welcome to [1mUbuntu 16.04.7 LTS[0m!

[    9.464656] systemd[1]: Set hostname to <ubuntu-xenial>.
[    9.632428] systemd[1]: Listening on Device-mapper event daemon FIFOs.
[[0;32m  OK  [0m] Listening on Device-mapper event daemon FIFOs.
[    9.634143] systemd[1]: Set up automount Arbitrary Executable File Formats File System Automount Point.
[[0;32m  OK  [0m] Set up automount Arbitrary Executab...ats File System Automount Point.
[    9.650211] systemd[1]: Listening on Journal Socket.
[[0;32m  OK  [0m] Listening on Journal Socket.
[    9.662228] systemd[1]: Listening on LVM2 metadata daemon socket.
[[0;32m  OK  [0m] Listening on LVM2 metadata daemon socket.
[    9.666706] systemd[1]: Reached target Swap.
[[0;32m  OK  [0m] Reached target Swap.
[    9.670264] systemd[1]: Listening on Syslog Socket.
[[0;32m  OK  [0m] Listening on Syslog Socket.
[    9.674316] systemd[1]: Reached target User and Group Name Lookups.
[[0;32m  OK  [0m] Reached target User and Group Name Lookups.
[    9.679606] systemd[1]: Created slice System Slice.
[[0;32m  OK  [0m] Created slice System Slice.
[    9.694009] systemd[1]: Starting Nameserver information manager...
         Starting Nameserver information manager...
[    9.761073] systemd[1]: Starting Set console keymap...
         Starting Set console keymap...
[    9.765543] systemd[1]: Created slice system-serial\x2dgetty.slice.
[[0;32m  OK  [0m] Created slice system-serial\x2dgetty.slice.
[    9.769721] systemd[1]: Listening on /dev/initctl Compatibility Named Pipe.
[[0;32m  OK  [0m] Listening on /dev/initctl Compatibility Named Pipe.
[    9.775662] systemd[1]: Started Forward Password Requests to Wall Directory Watch.
[[0;32m  OK  [0m] Started Forward Password Requests to Wall Directory Watch.
[    9.781659] systemd[1]: Mounting Debug File System...
         Mounting Debug File System...
[    9.784464] systemd[1]: Mounting Huge Pages File System...
         Mounting Huge Pages File System...
[    9.787508] systemd[1]: Starting Monitoring of LVM2 mirrors, snapshots etc. using dmeventd or progress polling...
         Starting Monitoring of LVM2 mirrors... dmeventd or progress polling...
[    9.791231] systemd[1]: Listening on Journal Audit Socket.
[[0;32m  OK  [0m] Listening on Journal Audit Socket.
[    9.793266] systemd[1]: Started Trigger resolvconf update for networkd DNS.
[[0;32m  OK  [0m] Started Trigger resolvconf update for networkd DNS.
[    9.796749] systemd[1]: Starting Remount Root and Kernel File Systems...
         Starting Remount Root and Kernel File Systems...
[    9.798876] systemd[1]: Listening on udev Control Socket.
[[0;32m  OK  [0m] Listening on udev Control Socket.
[    9.800861] systemd[1]: Listening on udev Kernel Socket.
[    9.801989] EXT4-fs (sda1): re-mounted. Opts: (null)
[[0;32m  OK  [0m] Listening on udev Kernel Socket.
[    9.875487] random: nonblocking pool is initialized
[    9.886896] systemd[1]: Starting Load Kernel Modules...
         Starting Load Kernel Modules...
[    9.888696] systemd[1]: Reached target System Time Synchronized.
[[0;32m  OK  [0m] Reached target System Time Synchronized.
[    9.891279] systemd[1]: Starting Create list of required static device nodes for the current kernel...
         Starting Create list of required st... nodes for the current kernel...
[    9.894667] systemd[1]: Starting Uncomplicated firewall...
         Starting Uncomplicated firewall...
[    9.896631] systemd[1]: Listening on Journal Socket (/dev/log).
[[0;32m  OK  [0m] Listening on Journal Socket (/dev/log).
[    9.950693] systemd[1]: Starting Journal Service...
         Starting Journal Service...
[    9.954691] systemd[1]: Mounting POSIX Message Queue File System...
         Mounting POSIX Message Queue File System...
[    9.960483] systemd[1]: Reached target Encrypted Volumes.
[[0;32m  OK  [0m] Reached target Encrypted Volumes.
    9.965221] Loading iSCSI transport class v2.0-870.
[    9.965753] systemd[1]: Created slice User and Session Slice.
[[0;32m  OK  [0m] Created slice User and Session Slice.
[    9.967626] systemd[1]: Reached target Slices.
[[0;32m  OK  [0m] Reached target Slices.
[    9.968868] systemd[1]: Listening on LVM2 poll daemon socket.
[[0;32m  OK  [0m] Listening on LVM2 poll daemon socket.
[    9.971496] systemd[1]: Mounted POSIX Message Queue File System.
[[0;32m  OK  [0m] Mounted POSIX Message Queue File System.
[    9.973412] systemd[1]: Mounted Huge Pages File System.
[[0;32m  OK  [0m] Mounted Huge Pages File System.
[    9.977345] systemd[1]: Mounted Debug File System.
[[0;32m  OK  [0m] Mounted Debug File System.
[    9.982780] systemd[1]: Started Set console keymap.
[[0;32m  OK  [0m] Started Set console keymap.
[   10.026472] systemd[1]: Started Remount Root and Kernel File Systems.
[[0;32m  OK  [0m] Started Remount Root and Kernel File Systems.
[   10.029932] systemd[1]: Started Create list of required static device nodes for the current kernel.
[[0;32m  OK  [0m] Started Create list of required sta...ce nodes for the current kernel.
[   10.036623] systemd[1]: Started Uncomplicated firewall.
[   10.036671] iscsi: registered transport (tcp)
[[0;32m  OK  [0m] Started Uncomplicated firewall.
[   10.043185] systemd[1]: Started Nameserver information manager.
[[0;32m  OK  [0m] Started Nameserver information manager.
[   10.052806] systemd[1]: Started LVM2 metadata daemon.
[[0;32m  OK  [0m] Started LVM2 metadata daemon.
[   10.056867] systemd[1]: Starting Create Static Device Nodes in /dev...
         Starting Create Static Device Nodes in /dev...
[   10.063757] systemd[1]: Starting udev Coldplug all Devices...
         Starting udev Coldplug all Devices...
[   10.067818] systemd[1]: Starting Load/Save Random Seed...
         Starting Load/Save Random Seed...
[   10.110519] systemd[1]: Started Journal Service.
[[0;32m  OK  [0m] Started Journal Service.
[[0;32m  OK  [0m] Started Load/Save Random Seed.
         Starting Flush Journal to Persistent Storage...
[   10.179424] iscsi: registered transport (iser)
[[0;32m  OK  [0m] Started Load Kernel Modules.
         Starting Apply Kernel Variables...
         Mounting FUSE Control File System...
[[0;32m  OK  [0m] Mounted FUSE Control File System.
[   10.222619] systemd-journald[400]: Received request to flush runtime journal from PID 1
[[0;32m  OK  [0m] Started Create Static Device Nodes in /dev.
         Starting udev Kernel Device Manager...
[[0;32m  OK  [0m] Started Flush Journal to Persistent Storage.
[[0;32m  OK  [0m] Started Apply Kernel Variables.
[[0;32m  OK  [0m] Started udev Coldplug all Devices.
[[0;32m  OK  [0m] Started udev Kernel Device Manager.
[[0;32m  OK  [0m] Started Dispatch Password Requests to Console Directory Watch.
[[0;32m  OK  [0m] Found device /dev/ttyS0.
[[0;32m  OK  [0m] Started Monitoring of LVM2 mirrors,...ng dmeventd or progress polling.
[[0;32m  OK  [0m] Reached target Local File Systems (Pre).
         Mounting /vagrant...
[[0;32m  OK  [0m] Reached target Local File Systems.
         Starting Set console font and keymap...
         Starting Initial cloud-init job (pre-networking)...
         Starting LSB: AppArmor initialization...
         Starting Tell Plymouth To Write Out Runtime Data...
         Starting Create Volatile Files and Directories...
[[0;1;31mFAILED[0m] Failed to mount /vagrant.
See 'systemctl status vagrant.mount' for details.
[[0;32m  OK  [0m] Started Tell Plymouth To Write Out Runtime Data.
[[0;32m  OK  [0m] Started Create Volatile Files and Directories.
         Starting Update UTMP about System Boot/Shutdown...
[[0;32m  OK  [0m] Started Update UTMP about System Boot/Shutdown.
[[0;32m  OK  [0m] Listening on Load/Save RF Kill Switch Status /dev/rfkill Watch.
[[0;32m  OK  [0m] Found device 82540EM Gigabit Ethern...r (PRO/1000 MT Desktop Adapter).
[[0;32m  OK  [0m] Started LSB: AppArmor initialization.
         Starting Load AppArmor profiles managed internally by snapd...
[[0;32m  OK  [0m] Started Load AppArmor profiles managed internally by snapd.
[[0;32m  OK  [0m] Started Set console font and keymap.
[[0;32m  OK  [0m] Created slice system-getty.slice.
[   11.885959] cloud-init[506]: Cloud-init v. 20.4.1-0ubuntu1~16.04.1 running 'init-local' at Tue, 09 Mar 2021 06:51:43 +0000. Up 11.63 seconds.
[[0;32m  OK  [0m] Started Initial cloud-init job (pre-networking).
[[0;32m  OK  [0m] Reached target Network (Pre).
         Starting Raise network interfaces...
[[0;32m  OK  [0m] Started ifup for enp0s3.
[[0;32m  OK  [0m] Started Raise network interfaces.
[[0;32m  OK  [0m] Reached target Network.
         Starting Initial cloud-init job (metadata service crawler)...
[   12.677893] cloud-init[978]: Cloud-init v. 20.4.1-0ubuntu1~16.04.1 running 'init' at Tue, 09 Mar 2021 06:51:44 +0000. Up 12.43 seconds.
[   12.679514] cloud-init[978]: ci-info: +++++++++++++++++++++++++++++++++++++Net device info++++++++++++++++++++++++++++++++++++++
[   12.681200] cloud-init[978]: ci-info: +--------+------+---------------------------+---------------+--------+-------------------+
[   12.683117] cloud-init[978]: ci-info: | Device |  Up  |          Address          |      Mask     | Scope  |     Hw-Address    |
[   12.684904] cloud-init[978]: ci-info: +--------+------+---------------------------+---------------+--------+-------------------+
[   12.686669] cloud-init[978]: ci-info: | enp0s3 | True |         10.0.2.15         | 255.255.255.0 | global | 02:0f:4d:7a:2e:0f |
[   12.688631] cloud-init[978]: ci-info: | enp0s3 | True | fe80::f:4dff:fe7a:2e0f/64 |       .       |  link  | 02:0f:4d:7a:2e:0f |
[   12.690738] cloud-init[978]: ci-info: |   lo   | True |         127.0.0.1         |   255.0.0.0   |  host  |         .         |
[   12.692556] cloud-init[978]: ci-info: |   lo   | True |          ::1/128          |       .       |  host  |         .         |
[   12.693999] cloud-init[978]: ci-info: +--------+------+---------------------------+---------------+--------+-------------------+
[   12.695788] cloud-init[978]: ci-info: +++++++++++++++++++++++++++Route IPv4 info++++++++++++++++++++++++++++
[   12.697420] cloud-init[978]: ci-info: +-------+-------------+----------+---------------+-----------+-------+
[   12.699207] cloud-init[978]: ci-info: | Route | Destination | Gateway  |    Genmask    | Interface | Flags |
[   12.700850] cloud-init[978]: ci-info: +-------+-------------+----------+---------------+-----------+-------+
[   12.702454] cloud-init[978]: ci-info: |   0   |   0.0.0.0   | 10.0.2.2 |    0.0.0.0    |   enp0s3  |   UG  |
[   12.704160] cloud-init[978]: ci-info: |   1   |   10.0.2.0  | 0.0.0.0  | 255.255.255.0 |   enp0s3  |   U   |
[   12.705816] cloud-init[978]: ci-info: +-------+-------------+----------+---------------+-----------+-------+
[   12.707372] cloud-init[978]: ci-info: +++++++++++++++++++Route IPv6 info+++++++++++++++++++
[   12.708714] cloud-init[978]: ci-info: +-------+-------------+---------+-----------+-------+
[   12.710065] cloud-init[978]: ci-info: | Route | Destination | Gateway | Interface | Flags |
[   12.711465] cloud-init[978]: ci-info: +-------+-------------+---------+-----------+-------+
[   12.712784] cloud-init[978]: ci-info: |   0   |  fe80::/64  |    ::   |   enp0s3  |   U   |
[   12.714160] cloud-init[978]: ci-info: |   3   |   ff00::/8  |    ::   |   enp0s3  |   U   |
[   12.715474] cloud-init[978]: ci-info: +-------+-------------+---------+-----------+-------+
[[0;32m  OK  [0m] Started Initial cloud-init job (metadata service crawler).
[[0;32m  OK  [0m] Reached target Cloud-config availability.
[[0;32m  OK  [0m] Reached target Network is Online.
         Starting iSCSI initiator daemon (iscsid)...
[[0;32m  OK  [0m] Reached target System Initialization.
[[0;32m  OK  [0m] Started Message of the Day.
         Starting Socket activation for snappy daemon.
[[0;32m  OK  [0m] Listening on D-Bus System Message Bus Socket.
[[0;32m  OK  [0m] Started Daily apt download activities.
[[0;32m  OK  [0m] Started Daily Cleanup of Temporary Directories.
[[0;32m  OK  [0m] Listening on ACPID Listen Socket.
[[0;32m  OK  [0m] Started ACPI Events Check.
[[0;32m  OK  [0m] Reached target Paths.
[[0;32m  OK  [0m] Listening on UUID daemon activation socket.
[[0;32m  OK  [0m] Started Daily apt upgrade and clean activities.
[[0;32m  OK  [0m] Reached target Timers.
         Starting LXD - unix socket.
[[0;32m  OK  [0m] Listening on Socket activation for snappy daemon.
[[0;32m  OK  [0m] Listening on LXD - unix socket.
[[0;32m  OK  [0m] Reached target Sockets.
[[0;32m  OK  [0m] Reached target Basic System.
[[0;32m  OK  [0m] Started Regular background program processing daemon.
         Starting Login Service...
         Starting Virtualbox guest utils...
[[0;32m  OK  [0m] Started FUSE filesystem for LXC.
         Starting LSB: MD monitoring daemon...
         Starting System Logging Service...
[[0;32m  OK  [0m] Started D-Bus System Message Bus.
         Starting OpenBSD Secure Shell server...
         Starting Accounts Service...
[[0;32m  OK  [0m] Started Deferred execution scheduler.
         Starting /etc/rc.local Compatibility...
[[0;32m  OK  [0m] Started ACPI event daemon.
         Starting LXD - container startup/shutdown...
         Starting LSB: Record successful boot for GRUB...
         Starting Message of the Day...
         Starting Snap Daemon...
[[0;32m  OK  [0m] Started System Logging Service.
[[0;32m  OK  [0m] Started iSCSI initiator daemon (iscsid).
[[0;32m  OK  [0m] Started /etc/rc.local Compatibility.
[[0;32m  OK  [0m] Started Message of the Day.
         Starting Login to default iSCSI targets...
[[0;32m  OK  [0m] Started Login Service.
[[0;32m  OK  [0m] Started Unattended Upgrades Shutdown.
[[0;32m  OK  [0m] Started LSB: Record successful boot for GRUB.
[[0;32m  OK  [0m] Started LSB: MD monitoring daemon.
[[0;32m  OK  [0m] Started Login to default iSCSI targets.
[[0;32m  OK  [0m] Reached target Remote File Systems (Pre).
[[0;32m  OK  [0m] Reached target Remote File Systems.
         Starting LSB: Set the CPU Frequency Scaling governor to "ondemand"...
         Starting Permit User Sessions...
         Starting LSB: daemon to balance interrupts for SMP systems...
         Starting LSB: automatic crash report generation...
[[0;32m  OK  [0m] Started Permit User Sessions.
[[0;32m  OK  [0m] Started OpenBSD Secure Shell server.
         Starting Hold until boot process finishes up...
         Starting Terminate Plymouth Boot Screen...
[[0;32m  OK  [0m] Started Hold until boot process finishes up.
[[0;32m  OK  [0m] Started Getty on tty1.
[[0;32m  OK  [0m] Started Serial Getty on ttyS0.
[[0;32m  OK  [0m] Reached target Login Prompts.
         Starting Set console scheme...
[[0;32m  OK  [0m] Started Terminate Plymouth Boot Screen.
[[0;32m  OK  [0m] Started Virtualbox guest utils.
         Starting Authenticate and Authorize Users to Run Privileged Tasks...
[[0;32m  OK  [0m] Started LSB: Set the CPU Frequency Scaling governor to "ondemand".
[[0;32m  OK  [0m] Started Set console scheme.
[[0;32m  OK  [0m] Started LSB: daemon to balance interrupts for SMP systems.
[[0;32m  OK  [0m] Started LSB: automatic crash report generation.
[[0;32m  OK  [0m] Started Authenticate and Authorize Users to Run Privileged Tasks.
[[0;32m  OK  [0m] Started Accounts Service.
[[0;32m  OK  [0m] Created slice User Slice of vagrant.
         Starting User Manager for UID 1000...
[[0;32m  OK  [0m] Started Session 1 of user vagrant.
[[0;32m  OK  [0m] Started LXD - container startup/shutdown.
[[0;32m  OK  [0m] Started User Manager for UID 1000.
[[0;32m  OK  [0m] Started Snap Daemon.
         Starting Wait until snapd is fully seeded...
[[0;32m  OK  [0m] Started Wait until snapd is fully seeded.
         Starting Apply the settings specified in cloud-config...
[[0;32m  OK  [0m] Reached target Multi-User System.
[[0;32m  OK  [0m] Reached target Graphical Interface.
         Starting Update UTMP about System Runlevel Changes...
[[0;32m  OK  [0m] Started Update UTMP about System Runlevel Changes.
[   13.842626] cloud-init[1296]: Cloud-init v. 20.4.1-0ubuntu1~16.04.1 running 'modules:config' at Tue, 09 Mar 2021 06:51:45 +0000. Up 13.75 seconds.
[[0;32m  OK  [0m] Started Apply the settings specified in cloud-config.
         Starting Execute cloud user/final scripts...
[   14.361218] cloud-init[1316]: Cloud-init v. 20.4.1-0ubuntu1~16.04.1 running 'modules:final' at Tue, 09 Mar 2021 06:51:45 +0000. Up 14.21 seconds.
[   14.362434] cloud-init[1316]: Cloud-init v. 20.4.1-0ubuntu1~16.04.1 finished at Tue, 09 Mar 2021 06:51:46 +0000. Datasource DataSourceNoCloud [seed=/dev/sdb][dsmode=net].  Up 14.35 seconds
[[0;32m  OK  [0m] Started Execute cloud user/final scripts.
[[0;32m  OK  [0m] Reached target Cloud-init target.
         Starting Daily apt download activities...
         Stopping User Manager for UID 1000...
[[0;32m  OK  [0m] Stopped User Manager for UID 1000.
[[0;32m  OK  [0m] Removed slice User Slice of vagrant.

Ubuntu 16.04.7 LTS ubuntu-xenial ttyS0

ubuntu-xenial login: 